Archive member included to satisfy reference by file (symbol)

C:/Users/Paulo/.pico-sdk/toolchain/13_3_Rel1/bin/../lib/gcc/arm-none-eabi/13.3.1/thumb/v6-m/nofp\libgcc.a(_dvmd_tls.o)
                              CMakeFiles/pomodoro_timer.dir/C_/Users/Paulo/.pico-sdk/sdk/2.1.0/src/rp2_common/pico_divider/divider_hardware.S.obj (__aeabi_idiv0)
C:/Users/Paulo/.pico-sdk/toolchain/13_3_Rel1/bin/../lib/gcc/arm-none-eabi/13.3.1/thumb/v6-m/nofp\libg.a(libc_a-atoi.o)
                              CMakeFiles/pomodoro_timer.dir/C_/Users/Paulo/.pico-sdk/sdk/2.1.0/lib/lwip/src/core/netif.c.obj (atoi)
C:/Users/Paulo/.pico-sdk/toolchain/13_3_Rel1/bin/../lib/gcc/arm-none-eabi/13.3.1/thumb/v6-m/nofp\libg.a(libc_a-calloc.o)
                              CMakeFiles/pomodoro_timer.dir/C_/Users/Paulo/.pico-sdk/sdk/2.1.0/src/rp2_common/pico_malloc/malloc.c.obj (calloc)
C:/Users/Paulo/.pico-sdk/toolchain/13_3_Rel1/bin/../lib/gcc/arm-none-eabi/13.3.1/thumb/v6-m/nofp\libg.a(libc_a-callocr.o)
                              C:/Users/Paulo/.pico-sdk/toolchain/13_3_Rel1/bin/../lib/gcc/arm-none-eabi/13.3.1/thumb/v6-m/nofp\libg.a(libc_a-calloc.o) (_calloc_r)
C:/Users/Paulo/.pico-sdk/toolchain/13_3_Rel1/bin/../lib/gcc/arm-none-eabi/13.3.1/thumb/v6-m/nofp\libg.a(libc_a-malloc.o)
                              CMakeFiles/pomodoro_timer.dir/C_/Users/Paulo/.pico-sdk/sdk/2.1.0/src/rp2_common/pico_malloc/malloc.c.obj (malloc)
C:/Users/Paulo/.pico-sdk/toolchain/13_3_Rel1/bin/../lib/gcc/arm-none-eabi/13.3.1/thumb/v6-m/nofp\libg.a(libc_a-mallocr.o)
                              C:/Users/Paulo/.pico-sdk/toolchain/13_3_Rel1/bin/../lib/gcc/arm-none-eabi/13.3.1/thumb/v6-m/nofp\libg.a(libc_a-callocr.o) (_malloc_r)
C:/Users/Paulo/.pico-sdk/toolchain/13_3_Rel1/bin/../lib/gcc/arm-none-eabi/13.3.1/thumb/v6-m/nofp\libg.a(libc_a-mlock.o)
                              C:/Users/Paulo/.pico-sdk/toolchain/13_3_Rel1/bin/../lib/gcc/arm-none-eabi/13.3.1/thumb/v6-m/nofp\libg.a(libc_a-mallocr.o) (__malloc_lock)
C:/Users/Paulo/.pico-sdk/toolchain/13_3_Rel1/bin/../lib/gcc/arm-none-eabi/13.3.1/thumb/v6-m/nofp\libg.a(libc_a-realloc.o)
                              CMakeFiles/pomodoro_timer.dir/C_/Users/Paulo/.pico-sdk/sdk/2.1.0/src/rp2_common/pico_malloc/malloc.c.obj (realloc)
C:/Users/Paulo/.pico-sdk/toolchain/13_3_Rel1/bin/../lib/gcc/arm-none-eabi/13.3.1/thumb/v6-m/nofp\libg.a(libc_a-reallocr.o)
                              C:/Users/Paulo/.pico-sdk/toolchain/13_3_Rel1/bin/../lib/gcc/arm-none-eabi/13.3.1/thumb/v6-m/nofp\libg.a(libc_a-realloc.o) (_realloc_r)
C:/Users/Paulo/.pico-sdk/toolchain/13_3_Rel1/bin/../lib/gcc/arm-none-eabi/13.3.1/thumb/v6-m/nofp\libg.a(libc_a-strtol.o)
                              C:/Users/Paulo/.pico-sdk/toolchain/13_3_Rel1/bin/../lib/gcc/arm-none-eabi/13.3.1/thumb/v6-m/nofp\libg.a(libc_a-atoi.o) (_strtol_r)
C:/Users/Paulo/.pico-sdk/toolchain/13_3_Rel1/bin/../lib/gcc/arm-none-eabi/13.3.1/thumb/v6-m/nofp\libg.a(libc_a-ctype_.o)
                              CMakeFiles/pomodoro_timer.dir/inc/ssd1306_i2c.c.obj (_ctype_)
C:/Users/Paulo/.pico-sdk/toolchain/13_3_Rel1/bin/../lib/gcc/arm-none-eabi/13.3.1/thumb/v6-m/nofp\libg.a(libc_a-sscanf.o)
                              CMakeFiles/pomodoro_timer.dir/pomodoro_timer.c.obj (sscanf)
C:/Users/Paulo/.pico-sdk/toolchain/13_3_Rel1/bin/../lib/gcc/arm-none-eabi/13.3.1/thumb/v6-m/nofp\libg.a(libc_a-stdio.o)
                              C:/Users/Paulo/.pico-sdk/toolchain/13_3_Rel1/bin/../lib/gcc/arm-none-eabi/13.3.1/thumb/v6-m/nofp\libg.a(libc_a-sscanf.o) (__seofread)
C:/Users/Paulo/.pico-sdk/toolchain/13_3_Rel1/bin/../lib/gcc/arm-none-eabi/13.3.1/thumb/v6-m/nofp\libg.a(libc_a-memcmp.o)
                              CMakeFiles/pomodoro_timer.dir/C_/Users/Paulo/.pico-sdk/sdk/2.1.0/src/rp2_common/pico_atomic/atomic.c.obj (memcmp)
C:/Users/Paulo/.pico-sdk/toolchain/13_3_Rel1/bin/../lib/gcc/arm-none-eabi/13.3.1/thumb/v6-m/nofp\libg.a(libc_a-memmove.o)
                              CMakeFiles/pomodoro_timer.dir/C_/Users/Paulo/.pico-sdk/sdk/2.1.0/lib/lwip/src/core/def.c.obj (memmove)
C:/Users/Paulo/.pico-sdk/toolchain/13_3_Rel1/bin/../lib/gcc/arm-none-eabi/13.3.1/thumb/v6-m/nofp\libg.a(libc_a-strncmp.o)
                              CMakeFiles/pomodoro_timer.dir/C_/Users/Paulo/.pico-sdk/sdk/2.1.0/lib/lwip/src/core/def.c.obj (strncmp)
C:/Users/Paulo/.pico-sdk/toolchain/13_3_Rel1/bin/../lib/gcc/arm-none-eabi/13.3.1/thumb/v6-m/nofp\libg.a(libc_a-strstr.o)
                              CMakeFiles/pomodoro_timer.dir/pomodoro_timer.c.obj (strstr)
C:/Users/Paulo/.pico-sdk/toolchain/13_3_Rel1/bin/../lib/gcc/arm-none-eabi/13.3.1/thumb/v6-m/nofp\libg.a(libc_a-lcltime_r.o)
                              CMakeFiles/pomodoro_timer.dir/C_/Users/Paulo/.pico-sdk/sdk/2.1.0/src/common/pico_util/datetime.c.obj (localtime_r)
C:/Users/Paulo/.pico-sdk/toolchain/13_3_Rel1/bin/../lib/gcc/arm-none-eabi/13.3.1/thumb/v6-m/nofp\libg.a(libc_a-mktime.o)
[...]
Memory Configuration

Name             Origin             Length             Attributes
FLASH            0x10000000         0x00200000         xr
RAM              0x20000000         0x00040000         xrw
SCRATCH_X        0x20040000         0x00001000         xrw
SCRATCH_Y        0x20041000         0x00001000         xrw
*default*        0x00000000         0xffffffff

Linker script and memory map

LOAD C:/Users/Paulo/.pico-sdk/toolchain/13_3_Rel1/bin/../lib/gcc/arm-none-eabi/13.3.1/thumb/v6-m/nofp/crti.o
LOAD C:/Users/Paulo/.pico-sdk/toolchain/13_3_Rel1/bin/../lib/gcc/arm-none-eabi/13.3.1/thumb/v6-m/nofp/crtbegin.o
LOAD C:/Users/Paulo/.pico-sdk/toolchain/13_3_Rel1/bin/../lib/gcc/arm-none-eabi/13.3.1/thumb/v6-m/nofp/crt0.o

.flash_begin    0x10000000        0x0
                0x10000000                        __flash_binary_start = .

.boot2          0x10000000      0x100
                0x10000000                        __boot2_start__ = .
 *(.boot2)
 .boot2         0x10000000      0x100 pico-sdk/src/rp2040/boot_stage2/CMakeFiles/bs2_default_library.dir/./bs2_default_padded_checksummed.S.obj
                0x10000100                        __boot2_end__ = .
                0x00000001                        ASSERT (((__boot2_end__ - __boot2_start__) == 0x100), ERROR: Pico second stage bootloader must be 256 bytes in size)

.text           0x10000100    0x1da54
                0x10000100                        __logical_binary_start = .
 *(.vectors)
 .vectors       0x10000100       0xd4 CMakeFiles/pomodoro_timer.dir/C_/Users/Paulo/.pico-sdk/sdk/2.1.0/src/rp2_common/pico_crt0/crt0.S.obj
                0x10000100                __VECTOR_TABLE
                0x10000100                __vectors
                0x100001c0                isr_invalid
                0x100001c0                __default_isrs_start
                0x100001c2                isr_nmi
                0x100001c4                isr_hardfault
                0x100001c6                isr_svcall
                0x100001c8                isr_pendsv
                0x100001ca                isr_systick
                0x100001cc                isr_irq23
                0x100001cc                isr_irq18
                0x100001cc                isr_irq11
                0x100001cc                isr_irq28
                0x100001cc                isr_irq19
                0x100001cc                isr_irq0
                0x100001cc                isr_irq6
                0x100001cc                isr_irq5
                0x100001cc                isr_irq12
                0x100001cc                isr_irq22
                0x100001cc                isr_irq31
                0x100001cc                isr_irq17
                0x100001cc                isr_irq27
                0x100001cc                isr_irq30
                0x100001cc                isr_irq2
                0x100001cc                isr_irq10
                0x100001cc                isr_irq8
                0x100001cc                isr_irq24
                0x100001cc                isr_irq1
                0x100001cc                isr_irq7
                0x100001cc                isr_irq21
                0x100001cc                isr_irq20
                0x100001cc                isr_irq15
                0x100001cc                isr_irq25
                0x100001cc                isr_irq13
                0x100001cc                __unhandled_user_irq
                0x100001cc                isr_irq4
                0x100001cc                isr_irq16
                0x100001cc                isr_irq29
                0x100001cc                isr_irq26
                0x100001cc                __default_isrs_end
                0x100001cc                isr_irq3
                0x100001cc                isr_irq14
                0x100001cc                isr_irq9
                0x100001d2                unhandled_user_irq_num_in_r0
 *(.binary_info_header)
 .binary_info_header
                0x100001d4       0x14 CMakeFiles/pomodoro_timer.dir/C_/Users/Paulo/.pico-sdk/sdk/2.1.0/src/rp2_common/pico_crt0/crt0.S.obj
                0x100001e8                        __binary_info_header_end = .
 *(.embedded_block)
                0x100001e8                        __embedded_block_end = .
 *(.reset)
 .reset         0x100001e8       0x9c CMakeFiles/pomodoro_timer.dir/C_/Users/Paulo/.pico-sdk/sdk/2.1.0/src/rp2_common/pico_crt0/crt0.S.obj
                0x100001e8                _entry_point
 *(.init)
 .init          0x10000284        0x4 C:/Users/Paulo/.pico-sdk/toolchain/13_3_Rel1/bin/../lib/gcc/arm-none-eabi/13.3.1/thumb/v6-m/nofp/crti.o
                0x10000284                _init
 *(EXCLUDE_FILE(*libm.a: *libc.a:*lib_a-mem*.o *libgcc.a:) .text*)
 .text.register_tm_clones
                0x10000288       0x28 C:/Users/Paulo/.pico-sdk/toolchain/13_3_Rel1/bin/../lib/gcc/arm-none-eabi/13.3.1/thumb/v6-m/nofp/crtbegin.o
 .text.frame_dummy
                0x100002b0       0x24 C:/Users/Paulo/.pico-sdk/toolchain/13_3_Rel1/bin/../lib/gcc/arm-none-eabi/13.3.1/thumb/v6-m/nofp/crtbegin.o
 .text.connection_callback
                0x100002d4       0x14 CMakeFiles/pomodoro_timer.dir/pomodoro_timer.c.obj
 .text.adc_gpio_init
                0x100002e8       0x20 CMakeFiles/pomodoro_timer.dir/pomodoro_timer.c.obj
 .text.wifi_task
                0x10000308      0x164 CMakeFiles/pomodoro_timer.dir/pomodoro_timer.c.obj
                0x10000308                wifi_task
 .text.process_joystick.part.0
                0x1000046c      0x204 CMakeFiles/pomodoro_timer.dir/pomodoro_timer.c.obj
 .text.timer_callback
                0x10000670       0x94 CMakeFiles/pomodoro_timer.dir/pomodoro_timer.c.obj
                0x10000670                timer_callback
 .text.gpio_callback
                0x10000704      0x198 CMakeFiles/pomodoro_timer.dir/pomodoro_timer.c.obj
                0x10000704                gpio_callback
 .text.http_callback
                0x1000089c      0x250 CMakeFiles/pomodoro_timer.dir/pomodoro_timer.c.obj
 .text.pwm_init_buzzer
                0x10000aec       0xf4 CMakeFiles/pomodoro_timer.dir/pomodoro_timer.c.obj
                0x10000aec                pwm_init_buzzer
 .text.update_display
                0x10000be0      0x26c CMakeFiles/pomodoro_timer.dir/pomodoro_timer.c.obj
                0x10000be0                update_display
 .text.startup.main
                0x10000e4c      0x184 CMakeFiles/pomodoro_timer.dir/pomodoro_timer.c.obj
                0x10000e4c                main
 .text.calculate_render_area_buffer_length
                0x10000fd0       0x18 CMakeFiles/pomodoro_timer.dir/inc/ssd1306_i2c.c.obj
                0x10000fd0                calculate_render_area_buffer_length
 .text.ssd1306_init
                0x10000fe8       0x58 CMakeFiles/pomodoro_timer.dir/inc/ssd1306_i2c.c.obj
                0x10000fe8                ssd1306_init
 .text.render_on_display
                0x10001040       0x98 CMakeFiles/pomodoro_timer.dir/inc/ssd1306_i2c.c.obj
                0x10001040                render_on_display
 .text.gpio_default_irq_handler
                0x100010d8      0x274 CMakeFiles/pomodoro_timer.dir/C_/Users/Paulo/.pico-sdk/sdk/2.1.0/src/rp2_common/hardware_gpio/gpio.c.obj
 .text.gpio_set_function
                0x1000134c       0x34 CMakeFiles/pomodoro_timer.dir/C_/Users/Paulo/.pico-sdk/sdk/2.1.0/src/rp2_common/hardware_gpio/gpio.c.obj
                0x1000134c                gpio_set_function
 .text.gpio_set_pulls
                0x10001380       0x28 CMakeFiles/pomodoro_timer.dir/C_/Users/Paulo/.pico-sdk/sdk/2.1.0/src/rp2_common/hardware_gpio/gpio.c.obj
                0x10001380                gpio_set_pulls
 .text.gpio_set_input_hysteresis_enabled
                0x100013a8       0x28 CMakeFiles/pomodoro_timer.dir/C_/Users/Paulo/.pico-sdk/sdk/2.1.0/src/rp2_common/hardware_gpio/gpio.c.obj
                0x100013a8                gpio_set_input_hysteresis_enabled
 .text.gpio_set_irq_enabled
                0x100013d0       0x58 CMakeFiles/pomodoro_timer.dir/C_/Users/Paulo/.pico-sdk/sdk/2.1.0/src/rp2_common/hardware_gpio/gpio.c.obj
                0x100013d0                gpio_set_irq_enabled
 .text.gpio_set_irq_enabled_with_callback
                0x10001428       0xd0 CMakeFiles/pomodoro_timer.dir/C_/Users/Paulo/.pico-sdk/sdk/2.1.0/src/rp2_common/hardware_gpio/gpio.c.obj
                0x10001428                gpio_set_irq_enabled_with_callback
 .text.gpio_add_raw_irq_handler_with_order_priority_masked
                0x100014f8       0x44 CMakeFiles/pomodoro_timer.dir/C_/Users/Paulo/.pico-sdk/sdk/2.1.0/src/rp2_common/hardware_gpio/gpio.c.obj
                0x100014f8                gpio_add_raw_irq_handler_with_order_priority_masked
 .text.gpio_remove_raw_irq_handler_masked
                0x1000153c       0x20 CMakeFiles/pomodoro_timer.dir/C_/Users/Paulo/.pico-sdk/sdk/2.1.0/src/rp2_common/hardware_gpio/gpio.c.obj
                0x1000153c                gpio_remove_raw_irq_handler_masked
 .text.gpio_set_input_enabled
                0x1000155c       0x28 CMakeFiles/pomodoro_timer.dir/C_/Users/Paulo/.pico-sdk/sdk/2.1.0/src/rp2_common/hardware_gpio/gpio.c.obj
                0x1000155c                gpio_set_input_enabled
 .text.gpio_init
                0x10001584       0x40 CMakeFiles/pomodoro_timer.dir/C_/Users/Paulo/.pico-sdk/sdk/2.1.0/src/rp2_common/hardware_gpio/gpio.c.obj
                0x10001584                gpio_init
 .text.rp2040_chip_version
                0x100015c4        0xc CMakeFiles/pomodoro_timer.dir/C_/Users/Paulo/.pico-sdk/sdk/2.1.0/src/rp2040/pico_platform/platform.c.obj
                0x100015c4                rp2040_chip_version
 .text.panic    0x100015d0       0x30 CMakeFiles/pomodoro_timer.dir/C_/Users/Paulo/.pico-sdk/sdk/2.1.0/src/rp2_common/pico_platform_panic/panic.c.obj
                0x100015d0                panic
 .text.hw_claim_lock
                0x10001600       0x18 CMakeFiles/pomodoro_timer.dir/C_/Users/Paulo/.pico-sdk/sdk/2.1.0/src/common/hardware_claim/claim.c.obj
                0x10001600                hw_claim_lock
 .text.hw_claim_unlock
                0x10001618       0x14 CMakeFiles/pomodoro_timer.dir/C_/Users/Paulo/.pico-sdk/sdk/2.1.0/src/common/hardware_claim/claim.c.obj
                0x10001618                hw_claim_unlock
 .text.hw_claim_or_assert
                0x1000162c       0x44 CMakeFiles/pomodoro_timer.dir/C_/Users/Paulo/.pico-sdk/sdk/2.1.0/src/common/hardware_claim/claim.c.obj
                0x1000162c                hw_claim_or_assert
 .text.hw_claim_unused_from_range
                0x10001670       0x9c CMakeFiles/pomodoro_timer.dir/C_/Users/Paulo/.pico-sdk/sdk/2.1.0/src/common/hardware_claim/claim.c.obj
                0x10001670                hw_claim_unused_from_range
 .text.hw_claim_clear
                0x1000170c       0x38 CMakeFiles/pomodoro_timer.dir/C_/Users/Paulo/.pico-sdk/sdk/2.1.0/src/common/hardware_claim/claim.c.obj
                0x1000170c                hw_claim_clear
 .text.next_striped_spin_lock_num
                0x10001744       0x18 CMakeFiles/pomodoro_timer.dir/C_/Users/Paulo/.pico-sdk/sdk/2.1.0/src/rp2_common/hardware_sync/sync.c.obj
                0x10001744                next_striped_spin_lock_num
 .text.spin_lock_claim_unused
                0x1000175c       0x24 CMakeFiles/pomodoro_timer.dir/C_/Users/Paulo/.pico-sdk/sdk/2.1.0/src/rp2_common/hardware_sync/sync.c.obj
                0x1000175c                spin_lock_claim_unused
 .text.spin_locks_reset
                0x10001780       0x1c CMakeFiles/pomodoro_timer.dir/C_/Users/Paulo/.pico-sdk/sdk/2.1.0/src/rp2_common/hardware_sync_spin_lock/sync_spin_lock.c.obj
                0x10001780                spin_locks_reset
 .text.runtime_init_per_core_irq_priorities
                0x1000179c       0x24 CMakeFiles/pomodoro_timer.dir/C_/Users/Paulo/.pico-sdk/sdk/2.1.0/src/rp2_common/hardware_irq/irq.c.obj
                0x1000179c                runtime_init_per_core_irq_priorities
 .text.irq_set_enabled
                0x100017c0       0x24 CMakeFiles/pomodoro_timer.dir/C_/Users/Paulo/.pico-sdk/sdk/2.1.0/src/rp2_common/hardware_irq/irq.c.obj
                0x100017c0                irq_set_enabled
 .text.irq_is_enabled
                0x100017e4       0x18 CMakeFiles/pomodoro_timer.dir/C_/Users/Paulo/.pico-sdk/sdk/2.1.0/src/rp2_common/hardware_irq/irq.c.obj
                0x100017e4                irq_is_enabled
 .text.irq_set_pending
                0x100017fc       0x10 CMakeFiles/pomodoro_timer.dir/C_/Users/Paulo/.pico-sdk/sdk/2.1.0/src/rp2_common/hardware_irq/irq.c.obj
                0x100017fc                irq_set_pending
 .text.irq_has_shared_handler
                0x1000180c       0x2c CMakeFiles/pomodoro_timer.dir/C_/Users/Paulo/.pico-sdk/sdk/2.1.0/src/rp2_common/hardware_irq/irq.c.obj
                0x1000180c                irq_has_shared_handler
 .text.irq_set_exclusive_handler
                0x10001838       0x54 CMakeFiles/pomodoro_timer.dir/C_/Users/Paulo/.pico-sdk/sdk/2.1.0/src/rp2_common/hardware_irq/irq.c.obj
                0x10001838                irq_set_exclusive_handler
 .text.irq_add_shared_handler
                0x1000188c      0x1f4 CMakeFiles/pomodoro_timer.dir/C_/Users/Paulo/.pico-sdk/sdk/2.1.0/src/rp2_common/hardware_irq/irq.c.obj
                0x1000188c                irq_add_shared_handler
 .text.irq_remove_handler
                0x10001a80      0x1d4 CMakeFiles/pomodoro_timer.dir/C_/Users/Paulo/.pico-sdk/sdk/2.1.0/src/rp2_common/hardware_irq/irq.c.obj
                0x10001a80                irq_remove_handler
 .text.irq_set_priority
                0x10001c54       0x28 CMakeFiles/pomodoro_timer.dir/C_/Users/Paulo/.pico-sdk/sdk/2.1.0/src/rp2_common/hardware_irq/irq.c.obj
                0x10001c54                irq_set_priority
 .text.irq_add_tail_to_free_list
                0x10001c7c       0xb4 CMakeFiles/pomodoro_timer.dir/C_/Users/Paulo/.pico-sdk/sdk/2.1.0/src/rp2_common/hardware_irq/irq.c.obj
                0x10001c7c                irq_add_tail_to_free_list
 .text.user_irq_unclaim
                0x10001d30       0x14 CMakeFiles/pomodoro_timer.dir/C_/Users/Paulo/.pico-sdk/sdk/2.1.0/src/rp2_common/hardware_irq/irq.c.obj
                0x10001d30                user_irq_unclaim
 .text.user_irq_claim_unused
                0x10001d44       0x2c CMakeFiles/pomodoro_timer.dir/C_/Users/Paulo/.pico-sdk/sdk/2.1.0/src/rp2_common/hardware_irq/irq.c.obj
                0x10001d44                user_irq_claim_unused
 .text.sem_init
                0x10001d70       0x20 CMakeFiles/pomodoro_timer.dir/C_/Users/Paulo/.pico-sdk/sdk/2.1.0/src/common/pico_sync/sem.c.obj
                0x10001d70                sem_init
 .text.lock_init
                0x10001d90       0x10 CMakeFiles/pomodoro_timer.dir/C_/Users/Paulo/.pico-sdk/sdk/2.1.0/src/common/pico_sync/lock_core.c.obj
                0x10001d90                lock_init
 .text.runtime_init_mutex
                0x10001da0       0x50 CMakeFiles/pomodoro_timer.dir/C_/Users/Paulo/.pico-sdk/sdk/2.1.0/src/common/pico_sync/mutex.c.obj
                0x10001da0                runtime_init_mutex
 .text.mutex_init
                0x10001df0       0x1c CMakeFiles/pomodoro_timer.dir/C_/Users/Paulo/.pico-sdk/sdk/2.1.0/src/common/pico_sync/mutex.c.obj
                0x10001df0                mutex_init
 .text.recursive_mutex_init
                0x10001e0c       0x1c CMakeFiles/pomodoro_timer.dir/C_/Users/Paulo/.pico-sdk/sdk/2.1.0/src/common/pico_sync/mutex.c.obj
                0x10001e0c                recursive_mutex_init
 .text.critical_section_init
                0x10001e28       0x1c CMakeFiles/pomodoro_timer.dir/C_/Users/Paulo/.pico-sdk/sdk/2.1.0/src/common/pico_sync/critical_section.c.obj
                0x10001e28                critical_section_init
 .text.critical_section_init_with_lock_num
                0x10001e44       0x14 CMakeFiles/pomodoro_timer.dir/C_/Users/Paulo/.pico-sdk/sdk/2.1.0/src/common/pico_sync/critical_section.c.obj
                0x10001e44                critical_section_init_with_lock_num
 .text.sleep_until_callback
                0x10001e58       0x30 CMakeFiles/pomodoro_timer.dir/C_/Users/Paulo/.pico-sdk/sdk/2.1.0/src/common/pico_time/time.c.obj
 .text.alarm_pool_irq_handler
                0x10001e88      0x2fc CMakeFiles/pomodoro_timer.dir/C_/Users/Paulo/.pico-sdk/sdk/2.1.0/src/common/pico_time/time.c.obj
 .text.runtime_init_default_alarm_pool
                0x10002184       0xdc CMakeFiles/pomodoro_timer.dir/C_/Users/Paulo/.pico-sdk/sdk/2.1.0/src/common/pico_time/time.c.obj
                0x10002184                runtime_init_default_alarm_pool
 .text.alarm_pool_get_default
                0x10002260        0x8 CMakeFiles/pomodoro_timer.dir/C_/Users/Paulo/.pico-sdk/sdk/2.1.0/src/common/pico_time/time.c.obj
                0x10002260                alarm_pool_get_default
 .text.alarm_pool_create_on_timer_with_unused_hardware_alarm
                0x10002268       0xa8 CMakeFiles/pomodoro_timer.dir/C_/Users/Paulo/.pico-sdk/sdk/2.1.0/src/common/pico_time/time.c.obj
                0x10002268                alarm_pool_create_on_timer_with_unused_hardware_alarm
 .text.alarm_pool_destroy
                0x10002310       0x58 CMakeFiles/pomodoro_timer.dir/C_/Users/Paulo/.pico-sdk/sdk/2.1.0/src/common/pico_time/time.c.obj
                0x10002310                alarm_pool_destroy
 .text.alarm_pool_add_alarm_at
                0x10002368       0xd4 CMakeFiles/pomodoro_timer.dir/C_/Users/Paulo/.pico-sdk/sdk/2.1.0/src/common/pico_time/time.c.obj
                0x10002368                alarm_pool_add_alarm_at
 .text.alarm_pool_add_alarm_at_force_in_context
                0x1000243c       0xb0 CMakeFiles/pomodoro_timer.dir/C_/Users/Paulo/.pico-sdk/sdk/2.1.0/src/common/pico_time/time.c.obj
                0x1000243c                alarm_pool_add_alarm_at_force_in_context
 .text.alarm_pool_cancel_alarm
                0x100024ec       0x74 CMakeFiles/pomodoro_timer.dir/C_/Users/Paulo/.pico-sdk/sdk/2.1.0/src/common/pico_time/time.c.obj
                0x100024ec                alarm_pool_cancel_alarm
 .text.alarm_pool_core_num
                0x10002560        0x4 CMakeFiles/pomodoro_timer.dir/C_/Users/Paulo/.pico-sdk/sdk/2.1.0/src/common/pico_time/time.c.obj
                0x10002560                alarm_pool_core_num
 .text.sleep_until
                0x10002564       0xd8 CMakeFiles/pomodoro_timer.dir/C_/Users/Paulo/.pico-sdk/sdk/2.1.0/src/common/pico_time/time.c.obj
                0x10002564                sleep_until
 .text.sleep_us
                0x1000263c       0x28 CMakeFiles/pomodoro_timer.dir/C_/Users/Paulo/.pico-sdk/sdk/2.1.0/src/common/pico_time/time.c.obj
                0x1000263c                sleep_us
 .text.sleep_ms
                0x10002664       0x38 CMakeFiles/pomodoro_timer.dir/C_/Users/Paulo/.pico-sdk/sdk/2.1.0/src/common/pico_time/time.c.obj
                0x10002664                sleep_ms
 .text.best_effort_wfe_or_timeout
                0x1000269c       0xe0 CMakeFiles/pomodoro_timer.dir/C_/Users/Paulo/.pico-sdk/sdk/2.1.0/src/common/pico_time/time.c.obj
                0x1000269c                best_effort_wfe_or_timeout
 .text.alarm_pool_add_repeating_timer_us
                0x1000277c      0x128 CMakeFiles/pomodoro_timer.dir/C_/Users/Paulo/.pico-sdk/sdk/2.1.0/src/common/pico_time/time.c.obj
                0x1000277c                alarm_pool_add_repeating_timer_us
 .text.alarm_pool_get_default_timer
                0x100028a4        0x8 CMakeFiles/pomodoro_timer.dir/C_/Users/Paulo/.pico-sdk/sdk/2.1.0/src/common/pico_time/time.c.obj
                0x100028a4                alarm_pool_get_default_timer
 .text.timer_hardware_alarm_claim
                0x100028ac       0x14 CMakeFiles/pomodoro_timer.dir/C_/Users/Paulo/.pico-sdk/sdk/2.1.0/src/rp2_common/hardware_timer/timer.c.obj
                0x100028ac                timer_hardware_alarm_claim
 .text.hardware_alarm_unclaim
                0x100028c0       0x14 CMakeFiles/pomodoro_timer.dir/C_/Users/Paulo/.pico-sdk/sdk/2.1.0/src/rp2_common/hardware_timer/timer.c.obj
                0x100028c0                hardware_alarm_unclaim
 .text.timer_hardware_alarm_claim_unused
                0x100028d4       0x20 CMakeFiles/pomodoro_timer.dir/C_/Users/Paulo/.pico-sdk/sdk/2.1.0/src/rp2_common/hardware_timer/timer.c.obj
                0x100028d4                timer_hardware_alarm_claim_unused
 .text.timer_time_us_64
                0x100028f4       0x10 CMakeFiles/pomodoro_timer.dir/C_/Users/Paulo/.pico-sdk/sdk/2.1.0/src/rp2_common/hardware_timer/timer.c.obj
                0x100028f4                timer_time_us_64
 .text.time_us_64
                0x10002904       0x14 CMakeFiles/pomodoro_timer.dir/C_/Users/Paulo/.pico-sdk/sdk/2.1.0/src/rp2_common/hardware_timer/timer.c.obj
                0x10002904                time_us_64
 .text.busy_wait_until
                0x10002918       0x20 CMakeFiles/pomodoro_timer.dir/C_/Users/Paulo/.pico-sdk/sdk/2.1.0/src/rp2_common/hardware_timer/timer.c.obj
                0x10002918                busy_wait_until
 .text.clock_configure_int_divider
                0x10002938       0xf4 CMakeFiles/pomodoro_timer.dir/C_/Users/Paulo/.pico-sdk/sdk/2.1.0/src/rp2_common/hardware_clocks/clocks.c.obj
                0x10002938                clock_configure_int_divider
 .text.clock_configure_undivided
                0x10002a2c       0xe8 CMakeFiles/pomodoro_timer.dir/C_/Users/Paulo/.pico-sdk/sdk/2.1.0/src/rp2_common/hardware_clocks/clocks.c.obj
                0x10002a2c                clock_configure_undivided
 .text.clock_get_hz
                0x10002b14        0xc CMakeFiles/pomodoro_timer.dir/C_/Users/Paulo/.pico-sdk/sdk/2.1.0/src/rp2_common/hardware_clocks/clocks.c.obj
                0x10002b14                clock_get_hz
 .text.pll_init
                0x10002b20       0xa4 CMakeFiles/pomodoro_timer.dir/C_/Users/Paulo/.pico-sdk/sdk/2.1.0/src/rp2_common/hardware_pll/pll.c.obj
                0x10002b20                pll_init
 .text.watchdog_reboot
                0x10002bc4       0x9c CMakeFiles/pomodoro_timer.dir/C_/Users/Paulo/.pico-sdk/sdk/2.1.0/src/rp2_common/hardware_watchdog/watchdog.c.obj
                0x10002bc4                watchdog_reboot
 .text.tick_start
                0x10002c60       0x10 CMakeFiles/pomodoro_timer.dir/C_/Users/Paulo/.pico-sdk/sdk/2.1.0/src/rp2_common/hardware_ticks/ticks.c.obj
                0x10002c60                tick_start
 .text.rom_func_lookup
                0x10002c70       0x10 CMakeFiles/pomodoro_timer.dir/C_/Users/Paulo/.pico-sdk/sdk/2.1.0/src/rp2_common/pico_bootrom/bootrom.c.obj
                0x10002c70                rom_func_lookup
 .text.rom_data_lookup
                0x10002c80       0x10 CMakeFiles/pomodoro_timer.dir/C_/Users/Paulo/.pico-sdk/sdk/2.1.0/src/rp2_common/pico_bootrom/bootrom.c.obj
                0x10002c80                rom_data_lookup
 .text.rom_funcs_lookup
                0x10002c90       0x44 CMakeFiles/pomodoro_timer.dir/C_/Users/Paulo/.pico-sdk/sdk/2.1.0/src/rp2_common/pico_bootrom/bootrom.c.obj
                0x10002c90                rom_funcs_lookup
 .text.rom_reset_usb_boot_extra
                0x10002cd4       0x28 CMakeFiles/pomodoro_timer.dir/C_/Users/Paulo/.pico-sdk/sdk/2.1.0/src/rp2_common/pico_bootrom/bootrom.c.obj
                0x10002cd4                rom_reset_usb_boot_extra
 .text.xosc_init
                0x10002cfc       0x28 CMakeFiles/pomodoro_timer.dir/C_/Users/Paulo/.pico-sdk/sdk/2.1.0/src/rp2_common/hardware_xosc/xosc.c.obj
                0x10002cfc                xosc_init
 .text.first_per_core_initializer
                0x10002d24        0x4 CMakeFiles/pomodoro_timer.dir/C_/Users/Paulo/.pico-sdk/sdk/2.1.0/src/rp2_common/pico_runtime/runtime.c.obj
 .text.hard_assertion_failure
                0x10002d28        0xc CMakeFiles/pomodoro_timer.dir/C_/Users/Paulo/.pico-sdk/sdk/2.1.0/src/rp2_common/pico_runtime/runtime.c.obj
                0x10002d28                hard_assertion_failure
 .text.runtime_run_initializers
                0x10002d34       0x28 CMakeFiles/pomodoro_timer.dir/C_/Users/Paulo/.pico-sdk/sdk/2.1.0/src/rp2_common/pico_runtime/runtime.c.obj
                0x10002d34                runtime_run_initializers
 .text.runtime_run_per_core_initializers
                0x10002d5c       0x28 CMakeFiles/pomodoro_timer.dir/C_/Users/Paulo/.pico-sdk/sdk/2.1.0/src/rp2_common/pico_runtime/runtime.c.obj
                0x10002d5c                runtime_run_per_core_initializers
 .text.runtime_init_early_resets
                0x10002d84       0x2c CMakeFiles/pomodoro_timer.dir/C_/Users/Paulo/.pico-sdk/sdk/2.1.0/src/rp2_common/pico_runtime_init/runtime_init.c.obj
                0x10002d84                runtime_init_early_resets
 .text.runtime_init_usb_power_down
                0x10002db0       0x1c CMakeFiles/pomodoro_timer.dir/C_/Users/Paulo/.pico-sdk/sdk/2.1.0/src/rp2_common/pico_runtime_init/runtime_init.c.obj
                0x10002db0                runtime_init_usb_power_down
 .text.runtime_init_post_clock_resets
                0x10002dcc       0x20 CMakeFiles/pomodoro_timer.dir/C_/Users/Paulo/.pico-sdk/sdk/2.1.0/src/rp2_common/pico_runtime_init/runtime_init.c.obj
                0x10002dcc                runtime_init_post_clock_resets
 .text.runtime_init_rp2040_gpio_ie_disable
                0x10002dec       0x14 CMakeFiles/pomodoro_timer.dir/C_/Users/Paulo/.pico-sdk/sdk/2.1.0/src/rp2_common/pico_runtime_init/runtime_init.c.obj
                0x10002dec                runtime_init_rp2040_gpio_ie_disable
 .text.runtime_init_spin_locks_reset
                0x10002e00        0x8 CMakeFiles/pomodoro_timer.dir/C_/Users/Paulo/.pico-sdk/sdk/2.1.0/src/rp2_common/pico_runtime_init/runtime_init.c.obj
                0x10002e00                runtime_init_spin_locks_reset
 .text.runtime_init_install_ram_vector_table
                0x10002e08       0x1c CMakeFiles/pomodoro_timer.dir/C_/Users/Paulo/.pico-sdk/sdk/2.1.0/src/rp2_common/pico_runtime_init/runtime_init.c.obj
                0x10002e08                runtime_init_install_ram_vector_table
 .text.runtime_init_clocks
                0x10002e24       0xd8 CMakeFiles/pomodoro_timer.dir/C_/Users/Paulo/.pico-sdk/sdk/2.1.0/src/rp2_common/pico_runtime_init/runtime_init_clocks.c.obj
                0x10002e24                runtime_init_clocks
 .text          0x10002efc       0x10 CMakeFiles/pomodoro_timer.dir/C_/Users/Paulo/.pico-sdk/sdk/2.1.0/src/rp2_common/pico_bit_ops/bit_ops_aeabi.S.obj
 .text.ctzsi    0x10002f0c        0xc CMakeFiles/pomodoro_timer.dir/C_/Users/Paulo/.pico-sdk/sdk/2.1.0/src/rp2_common/pico_bit_ops/bit_ops_aeabi.S.obj
                0x10002f0c                __wrap___ctzsi2
 .text.__wrap___aeabi_idiv
                0x10002f18       0x50 CMakeFiles/pomodoro_timer.dir/C_/Users/Paulo/.pico-sdk/sdk/2.1.0/src/rp2_common/pico_divider/divider_hardware.S.obj
                0x10002f18                __wrap___aeabi_idivmod
                0x10002f18                divmod_s32s32
                0x10002f18                div_s32s32
                0x10002f18                __wrap___aeabi_idiv
                0x10002f20                divmod_s32s32_unsafe
                0x10002f4c                divmod_s32s32_savestate
 .text.__wrap___aeabi_uidiv
                0x10002f68       0x4c CMakeFiles/pomodoro_timer.dir/C_/Users/Paulo/.pico-sdk/sdk/2.1.0/src/rp2_common/pico_divider/divider_hardware.S.obj
                0x10002f68                __wrap___aeabi_uidiv
                0x10002f68                __wrap___aeabi_uidivmod
                0x10002f68                div_u32u32
                0x10002f68                divmod_u32u32
                0x10002f70                divmod_u32u32_unsafe
                0x10002f98                divmod_u32u32_savestate
 .text.__wrap___aeabi_ldiv
                0x10002fb4      0x424 CMakeFiles/pomodoro_timer.dir/C_/Users/Paulo/.pico-sdk/sdk/2.1.0/src/rp2_common/pico_divider/divider_hardware.S.obj
                0x10002fb4                div_s64s64
                0x10002fb4                divmod_s64s64
                0x10002fb4                __wrap___aeabi_ldivmod
                0x10002fe4                divmod_u64u64
                0x10002fe4                div_u64u64
                0x10002fe4                __wrap___aeabi_uldivmod
                0x10002ff4                divmod_u64u64_savestate
                0x10003014                divmod_s64s64_unsafe
                0x1000309c                divmod_u64u64_unsafe
 .text.__wrap___aeabi_darithmetic
                0x100033d8       0x60 CMakeFiles/pomodoro_timer.dir/C_/Users/Paulo/.pico-sdk/sdk/2.1.0/src/rp2_common/pico_double/double_aeabi_rp2040.S.obj
                0x100033d8                __wrap___aeabi_drsub
                0x100033de                __wrap___aeabi_dsub
                0x100033e8                __wrap___aeabi_dadd
                0x100033f2                __wrap___aeabi_ddiv
                0x10003426                __wrap___aeabi_dmul
 .text.__wrap___aeabi_cdcmple
                0x10003438       0x6c CMakeFiles/pomodoro_timer.dir/C_/Users/Paulo/.pico-sdk/sdk/2.1.0/src/rp2_common/pico_double/double_aeabi_rp2040.S.obj
                0x10003438                __wrap___aeabi_cdrcmple
                0x10003448                __wrap___aeabi_cdcmpeq
                0x10003448                __wrap___aeabi_cdcmple
 .text.__wrap___aeabi_dcmpeq
                0x100034a4       0x10 CMakeFiles/pomodoro_timer.dir/C_/Users/Paulo/.pico-sdk/sdk/2.1.0/src/rp2_common/pico_double/double_aeabi_rp2040.S.obj
                0x100034a4                __wrap___aeabi_dcmpeq
 .text.__wrap___aeabi_dcmplt
                0x100034b4        0xc CMakeFiles/pomodoro_timer.dir/C_/Users/Paulo/.pico-sdk/sdk/2.1.0/src/rp2_common/pico_double/double_aeabi_rp2040.S.obj
                0x100034b4                __wrap___aeabi_dcmplt
 .text.__wrap___aeabi_dcmple
                0x100034c0       0x10 CMakeFiles/pomodoro_timer.dir/C_/Users/Paulo/.pico-sdk/sdk/2.1.0/src/rp2_common/pico_double/double_aeabi_rp2040.S.obj
                0x100034c0                __wrap___aeabi_dcmple
 .text.__wrap___aeabi_dcmpge
                0x100034d0       0x10 CMakeFiles/pomodoro_timer.dir/C_/Users/Paulo/.pico-sdk/sdk/2.1.0/src/rp2_common/pico_double/double_aeabi_rp2040.S.obj
                0x100034d0                __wrap___aeabi_dcmpge
 .text.__wrap___aeabi_dcmpgt
                0x100034e0        0xa CMakeFiles/pomodoro_timer.dir/C_/Users/Paulo/.pico-sdk/sdk/2.1.0/src/rp2_common/pico_double/double_aeabi_rp2040.S.obj
                0x100034e0                __wrap___aeabi_dcmpgt
 .text.__wrap___aeabi_dcmpun
                0x100034ea       0x18 CMakeFiles/pomodoro_timer.dir/C_/Users/Paulo/.pico-sdk/sdk/2.1.0/src/rp2_common/pico_double/double_aeabi_rp2040.S.obj
                0x100034ea                __wrap___aeabi_dcmpun
 *fill*         0x10003502        0x2 
 .text.__wrap___aeabi_i2d
                0x10003504       0x38 CMakeFiles/pomodoro_timer.dir/C_/Users/Paulo/.pico-sdk/sdk/2.1.0/src/rp2_common/pico_double/double_aeabi_rp2040.S.obj
                0x10003504                __wrap___aeabi_ui2d
                0x1000350c                __wrap___aeabi_i2d
 .text.__wrap___aeabi_d2iz
                0x1000353c       0x48 CMakeFiles/pomodoro_timer.dir/C_/Users/Paulo/.pico-sdk/sdk/2.1.0/src/rp2_common/pico_double/double_aeabi_rp2040.S.obj
                0x1000353c                double2int_z
                0x1000353c                __wrap___aeabi_d2iz
 .text.__wrap___aeabi_d2uiz
                0x10003584       0x10 CMakeFiles/pomodoro_timer.dir/C_/Users/Paulo/.pico-sdk/sdk/2.1.0/src/rp2_common/pico_double/double_aeabi_rp2040.S.obj
                0x10003584                __wrap___aeabi_d2uiz
                0x10003584                double2uint
 .text.__wrap___aeabi_l2d
                0x10003594       0x10 CMakeFiles/pomodoro_timer.dir/C_/Users/Paulo/.pico-sdk/sdk/2.1.0/src/rp2_common/pico_double/double_aeabi_rp2040.S.obj
                0x10003594                __wrap___aeabi_l2d
 .text.__wrap___aeabi_d2lz
                0x100035a4       0x26 CMakeFiles/pomodoro_timer.dir/C_/Users/Paulo/.pico-sdk/sdk/2.1.0/src/rp2_common/pico_double/double_aeabi_rp2040.S.obj
                0x100035a4                double2int64_z
                0x100035a4                __wrap___aeabi_d2lz
 *fill*         0x100035ca        0x2 
 .text.double2int64
                0x100035cc       0x10 CMakeFiles/pomodoro_timer.dir/C_/Users/Paulo/.pico-sdk/sdk/2.1.0/src/rp2_common/pico_double/double_aeabi_rp2040.S.obj
                0x100035cc                double2int64
 .text.double2ufix64
                0x100035dc       0x10 CMakeFiles/pomodoro_timer.dir/C_/Users/Paulo/.pico-sdk/sdk/2.1.0/src/rp2_common/pico_double/double_aeabi_rp2040.S.obj
                0x100035dc                double2ufix64
 .text.__wrap___aeabi_d2f
                0x100035ec       0x10 CMakeFiles/pomodoro_timer.dir/C_/Users/Paulo/.pico-sdk/sdk/2.1.0/src/rp2_common/pico_double/double_aeabi_rp2040.S.obj
                0x100035ec                __wrap___aeabi_d2f
 .text.missing_double_func_shim
                0x100035fc        0xc CMakeFiles/pomodoro_timer.dir/C_/Users/Paulo/.pico-sdk/sdk/2.1.0/src/rp2_common/pico_double/double_init_rom_rp2040.c.obj
 .text.__aeabi_double_init
                0x10003608       0xa0 CMakeFiles/pomodoro_timer.dir/C_/Users/Paulo/.pico-sdk/sdk/2.1.0/src/rp2_common/pico_double/double_init_rom_rp2040.c.obj
                0x10003608                __aeabi_double_init
 .text.double_table_shim_on_use_helper
                0x100036a8       0x2c CMakeFiles/pomodoro_timer.dir/C_/Users/Paulo/.pico-sdk/sdk/2.1.0/src/rp2_common/pico_double/double_v1_rom_shim_rp2040.S.obj
                0x100036a8                double_table_shim_on_use_helper
 .text.__aeabi_lmul
                0x100036d4       0x32 CMakeFiles/pomodoro_timer.dir/C_/Users/Paulo/.pico-sdk/sdk/2.1.0/src/rp2_common/pico_int64_ops/pico_int64_ops_aeabi.S.obj
                0x100036d4                __wrap___aeabi_lmul
 *fill*         0x10003706        0x2 
 .text.__wrap___aeabi_farithmetic
                0x10003708       0x48 CMakeFiles/pomodoro_timer.dir/C_/Users/Paulo/.pico-sdk/sdk/2.1.0/src/rp2_common/pico_float/float_aeabi_rp2040.S.obj
                0x10003708                __wrap___aeabi_frsub
                0x1000370e                __wrap___aeabi_fsub
                0x10003714                __wrap___aeabi_fadd
                0x1000371a                __wrap___aeabi_fdiv
                0x10003742                __wrap___aeabi_fmul
 .text.__wrap___aeabi_ui2f
                0x10003750        0xa CMakeFiles/pomodoro_timer.dir/C_/Users/Paulo/.pico-sdk/sdk/2.1.0/src/rp2_common/pico_float/float_aeabi_rp2040.S.obj
                0x10003750                __wrap___aeabi_ui2f
                0x10003750                uint2float
 *fill*         0x1000375a        0x2 
 .text.__wrap___aeabi_i2f
                0x1000375c       0x44 CMakeFiles/pomodoro_timer.dir/C_/Users/Paulo/.pico-sdk/sdk/2.1.0/src/rp2_common/pico_float/float_aeabi_rp2040.S.obj
                0x1000375c                __wrap___aeabi_i2f
                0x1000375c                int2float
 .text.__wrap___aeabi_f2uiz
                0x100037a0        0xc CMakeFiles/pomodoro_timer.dir/C_/Users/Paulo/.pico-sdk/sdk/2.1.0/src/rp2_common/pico_float/float_aeabi_rp2040.S.obj
                0x100037a0                __wrap___aeabi_f2uiz
                0x100037a0                float2uint_z
 .text.missing_float_func_shim
                0x100037ac        0xc CMakeFiles/pomodoro_timer.dir/C_/Users/Paulo/.pico-sdk/sdk/2.1.0/src/rp2_common/pico_float/float_init_rom_rp2040.c.obj
 .text.__aeabi_float_init
                0x100037b8       0x5c CMakeFiles/pomodoro_timer.dir/C_/Users/Paulo/.pico-sdk/sdk/2.1.0/src/rp2_common/pico_float/float_init_rom_rp2040.c.obj
                0x100037b8                __aeabi_float_init
 .text.__wrap_malloc
                0x10003814       0x3c CMakeFiles/pomodoro_timer.dir/C_/Users/Paulo/.pico-sdk/sdk/2.1.0/src/rp2_common/pico_malloc/malloc.c.obj
                0x10003814                __wrap_malloc
 .text.__wrap_calloc
                0x10003850       0x44 CMakeFiles/pomodoro_timer.dir/C_/Users/Paulo/.pico-sdk/sdk/2.1.0/src/rp2_common/pico_malloc/malloc.c.obj
                0x10003850                __wrap_calloc
 .text.__wrap_realloc
                0x10003894       0x40 CMakeFiles/pomodoro_timer.dir/C_/Users/Paulo/.pico-sdk/sdk/2.1.0/src/rp2_common/pico_malloc/malloc.c.obj
                0x10003894                __wrap_realloc
 .text.__wrap_free
                0x100038d4       0x20 CMakeFiles/pomodoro_timer.dir/C_/Users/Paulo/.pico-sdk/sdk/2.1.0/src/rp2_common/pico_malloc/malloc.c.obj
                0x100038d4                __wrap_free
 .text          0x100038f4       0x10 CMakeFiles/pomodoro_timer.dir/C_/Users/Paulo/.pico-sdk/sdk/2.1.0/src/rp2_common/pico_mem_ops/mem_ops_aeabi.S.obj
                0x100038f4                __aeabi_mem_init
 .text.memset   0x10003904        0xc CMakeFiles/pomodoro_timer.dir/C_/Users/Paulo/.pico-sdk/sdk/2.1.0/src/rp2_common/pico_mem_ops/mem_ops_aeabi.S.obj
                0x10003904                __wrap_memset
 .text.memcpy   0x10003910        0xc CMakeFiles/pomodoro_timer.dir/C_/Users/Paulo/.pico-sdk/sdk/2.1.0/src/rp2_common/pico_mem_ops/mem_ops_aeabi.S.obj
                0x10003910                __wrap_memcpy
                0x10003910                __wrap___aeabi_memcpy
 .text._out_buffer
                0x1000391c        0x8 CMakeFiles/pomodoro_timer.dir/C_/Users/Paulo/.pico-sdk/sdk/2.1.0/src/rp2_common/pico_printf/printf.c.obj
 .text._out_null
                0x10003924        0x4 CMakeFiles/pomodoro_timer.dir/C_/Users/Paulo/.pico-sdk/sdk/2.1.0/src/rp2_common/pico_printf/printf.c.obj
 .text._out_rev
                0x10003928       0xac CMakeFiles/pomodoro_timer.dir/C_/Users/Paulo/.pico-sdk/sdk/2.1.0/src/rp2_common/pico_printf/printf.c.obj
 .text._ntoa_format
                0x100039d4      0x250 CMakeFiles/pomodoro_timer.dir/C_/Users/Paulo/.pico-sdk/sdk/2.1.0/src/rp2_common/pico_printf/printf.c.obj
 .text._out_char
                0x10003c24       0x10 CMakeFiles/pomodoro_timer.dir/C_/Users/Paulo/.pico-sdk/sdk/2.1.0/src/rp2_common/pico_printf/printf.c.obj
 .text._out_fct
                0x10003c34       0x10 CMakeFiles/pomodoro_timer.dir/C_/Users/Paulo/.pico-sdk/sdk/2.1.0/src/rp2_common/pico_printf/printf.c.obj
 .text._etoa    0x10003c44      0x464 CMakeFiles/pomodoro_timer.dir/C_/Users/Paulo/.pico-sdk/sdk/2.1.0/src/rp2_common/pico_printf/printf.c.obj
 .text._ftoa    0x100040a8      0x3c0 CMakeFiles/pomodoro_timer.dir/C_/Users/Paulo/.pico-sdk/sdk/2.1.0/src/rp2_common/pico_printf/printf.c.obj
 .text._vsnprintf
                0x10004468      0xbc8 CMakeFiles/pomodoro_timer.dir/C_/Users/Paulo/.pico-sdk/sdk/2.1.0/src/rp2_common/pico_printf/printf.c.obj
 .text.__wrap_sprintf
                0x10005030       0x2c CMakeFiles/pomodoro_timer.dir/C_/Users/Paulo/.pico-sdk/sdk/2.1.0/src/rp2_common/pico_printf/printf.c.obj
                0x10005030                __wrap_sprintf
 .text.__wrap_snprintf
                0x1000505c       0x28 CMakeFiles/pomodoro_timer.dir/C_/Users/Paulo/.pico-sdk/sdk/2.1.0/src/rp2_common/pico_printf/printf.c.obj
                0x1000505c                __wrap_snprintf
 .text.vfctprintf
                0x10005084       0x20 CMakeFiles/pomodoro_timer.dir/C_/Users/Paulo/.pico-sdk/sdk/2.1.0/src/rp2_common/pico_printf/printf.c.obj
                0x10005084                vfctprintf
 .text.weak_raw_printf
                0x100050a4       0x40 CMakeFiles/pomodoro_timer.dir/C_/Users/Paulo/.pico-sdk/sdk/2.1.0/src/rp2_common/pico_printf/printf.c.obj
                0x100050a4                weak_raw_printf
 .text.weak_raw_vprintf
                0x100050e4       0x30 CMakeFiles/pomodoro_timer.dir/C_/Users/Paulo/.pico-sdk/sdk/2.1.0/src/rp2_common/pico_printf/printf.c.obj
                0x100050e4                weak_raw_vprintf
 .text._exit    0x10005114        0x4 CMakeFiles/pomodoro_timer.dir/C_/Users/Paulo/.pico-sdk/sdk/2.1.0/src/rp2_common/pico_clib_interface/newlib_interface.c.obj
                0x10005114                _exit
 .text._sbrk    0x10005118       0x34 CMakeFiles/pomodoro_timer.dir/C_/Users/Paulo/.pico-sdk/sdk/2.1.0/src/rp2_common/pico_clib_interface/newlib_interface.c.obj
                0x10005118                _sbrk
 .text.exit     0x1000514c        0x8 CMakeFiles/pomodoro_timer.dir/C_/Users/Paulo/.pico-sdk/sdk/2.1.0/src/rp2_common/pico_clib_interface/newlib_interface.c.obj
                0x1000514c                exit
 .text.__assert_func
                0x10005154       0x38 CMakeFiles/pomodoro_timer.dir/C_/Users/Paulo/.pico-sdk/sdk/2.1.0/src/rp2_common/pico_clib_interface/newlib_interface.c.obj
                0x10005154                __assert_func
 .text.runtime_init
                0x1000518c       0x2c CMakeFiles/pomodoro_timer.dir/C_/Users/Paulo/.pico-sdk/sdk/2.1.0/src/rp2_common/pico_clib_interface/newlib_interface.c.obj
                0x1000518c                runtime_init
 .text.stdio_out_chars_no_crlf
                0x100051b8       0x10 CMakeFiles/pomodoro_timer.dir/C_/Users/Paulo/.pico-sdk/sdk/2.1.0/src/rp2_common/pico_stdio/stdio.c.obj
 .text.stdio_out_chars_crlf
                0x100051c8       0x94 CMakeFiles/pomodoro_timer.dir/C_/Users/Paulo/.pico-sdk/sdk/2.1.0/src/rp2_common/pico_stdio/stdio.c.obj
 .text.stdio_buffered_printer
                0x1000525c       0x64 CMakeFiles/pomodoro_timer.dir/C_/Users/Paulo/.pico-sdk/sdk/2.1.0/src/rp2_common/pico_stdio/stdio.c.obj
 .text.stdio_put_string
                0x100052c0      0x100 CMakeFiles/pomodoro_timer.dir/C_/Users/Paulo/.pico-sdk/sdk/2.1.0/src/rp2_common/pico_stdio/stdio.c.obj
                0x100052c0                stdio_put_string
 .text.stdio_set_driver_enabled
                0x100053c0       0x30 CMakeFiles/pomodoro_timer.dir/C_/Users/Paulo/.pico-sdk/sdk/2.1.0/src/rp2_common/pico_stdio/stdio.c.obj
                0x100053c0                stdio_set_driver_enabled
 .text.stdio_init_all
                0x100053f0        0x8 CMakeFiles/pomodoro_timer.dir/C_/Users/Paulo/.pico-sdk/sdk/2.1.0/src/rp2_common/pico_stdio/stdio.c.obj
                0x100053f0                stdio_init_all
 .text.__wrap_putchar
                0x100053f8       0x98 CMakeFiles/pomodoro_timer.dir/C_/Users/Paulo/.pico-sdk/sdk/2.1.0/src/rp2_common/pico_stdio/stdio.c.obj
                0x100053f8                __wrap_putchar
                0x100053f8                stdio_putchar
 .text.__wrap_puts
                0x10005490       0x3c CMakeFiles/pomodoro_timer.dir/C_/Users/Paulo/.pico-sdk/sdk/2.1.0/src/rp2_common/pico_stdio/stdio.c.obj
                0x10005490                stdio_puts
                0x10005490                __wrap_puts
 .text.__wrap_vprintf
                0x100054cc       0xd4 CMakeFiles/pomodoro_timer.dir/C_/Users/Paulo/.pico-sdk/sdk/2.1.0/src/rp2_common/pico_stdio/stdio.c.obj
                0x100054cc                stdio_vprintf
                0x100054cc                __wrap_vprintf
 .text.__wrap_printf
                0x100055a0       0x18 CMakeFiles/pomodoro_timer.dir/C_/Users/Paulo/.pico-sdk/sdk/2.1.0/src/rp2_common/pico_stdio/stdio.c.obj
                0x100055a0                __wrap_printf
                0x100055a0                stdio_printf
 .text.resetd_init
                0x100055b8        0x4 CMakeFiles/pomodoro_timer.dir/C_/Users/Paulo/.pico-sdk/sdk/2.1.0/src/rp2_common/pico_stdio_usb/reset_interface.c.obj
 .text.resetd_reset
                0x100055bc        0xc CMakeFiles/pomodoro_timer.dir/C_/Users/Paulo/.pico-sdk/sdk/2.1.0/src/rp2_common/pico_stdio_usb/reset_interface.c.obj
 .text.resetd_open
                0x100055c8       0x28 CMakeFiles/pomodoro_timer.dir/C_/Users/Paulo/.pico-sdk/sdk/2.1.0/src/rp2_common/pico_stdio_usb/reset_interface.c.obj
 .text.resetd_xfer_cb
                0x100055f0        0x4 CMakeFiles/pomodoro_timer.dir/C_/Users/Paulo/.pico-sdk/sdk/2.1.0/src/rp2_common/pico_stdio_usb/reset_interface.c.obj
 .text.resetd_control_xfer_cb
                0x100055f4       0x5c CMakeFiles/pomodoro_timer.dir/C_/Users/Paulo/.pico-sdk/sdk/2.1.0/src/rp2_common/pico_stdio_usb/reset_interface.c.obj
 .text.tud_descriptor_bos_cb
                0x10005650        0x8 CMakeFiles/pomodoro_timer.dir/C_/Users/Paulo/.pico-sdk/sdk/2.1.0/src/rp2_common/pico_stdio_usb/reset_interface.c.obj
                0x10005650                tud_descriptor_bos_cb
 .text.tud_vendor_control_xfer_cb
                0x10005658       0x34 CMakeFiles/pomodoro_timer.dir/C_/Users/Paulo/.pico-sdk/sdk/2.1.0/src/rp2_common/pico_stdio_usb/reset_interface.c.obj
                0x10005658                tud_vendor_control_xfer_cb
 .text.usbd_app_driver_get_cb
                0x1000568c        0xc CMakeFiles/pomodoro_timer.dir/C_/Users/Paulo/.pico-sdk/sdk/2.1.0/src/rp2_common/pico_stdio_usb/reset_interface.c.obj
                0x1000568c                usbd_app_driver_get_cb
 .text.tud_cdc_line_coding_cb
                0x10005698       0x2c CMakeFiles/pomodoro_timer.dir/C_/Users/Paulo/.pico-sdk/sdk/2.1.0/src/rp2_common/pico_stdio_usb/reset_interface.c.obj
                0x10005698                tud_cdc_line_coding_cb
 .text.stdio_usb_set_chars_available_callback
                0x100056c4       0x14 CMakeFiles/pomodoro_timer.dir/C_/Users/Paulo/.pico-sdk/sdk/2.1.0/src/rp2_common/pico_stdio_usb/stdio_usb.c.obj
                0x100056c4                stdio_usb_set_chars_available_callback
 .text.usb_irq  0x100056d8       0x10 CMakeFiles/pomodoro_timer.dir/C_/Users/Paulo/.pico-sdk/sdk/2.1.0/src/rp2_common/pico_stdio_usb/stdio_usb.c.obj
 .text.timer_task
                0x100056e8       0x64 CMakeFiles/pomodoro_timer.dir/C_/Users/Paulo/.pico-sdk/sdk/2.1.0/src/rp2_common/pico_stdio_usb/stdio_usb.c.obj
 .text.stdio_usb_in_chars
                0x1000574c       0x90 CMakeFiles/pomodoro_timer.dir/C_/Users/Paulo/.pico-sdk/sdk/2.1.0/src/rp2_common/pico_stdio_usb/stdio_usb.c.obj
                0x1000574c                stdio_usb_in_chars
 .text.stdio_usb_out_flush
                0x100057dc       0x50 CMakeFiles/pomodoro_timer.dir/C_/Users/Paulo/.pico-sdk/sdk/2.1.0/src/rp2_common/pico_stdio_usb/stdio_usb.c.obj
 .text.stdio_usb_out_chars
                0x1000582c      0x104 CMakeFiles/pomodoro_timer.dir/C_/Users/Paulo/.pico-sdk/sdk/2.1.0/src/rp2_common/pico_stdio_usb/stdio_usb.c.obj
 .text.low_priority_worker_irq
                0x10005930       0xcc CMakeFiles/pomodoro_timer.dir/C_/Users/Paulo/.pico-sdk/sdk/2.1.0/src/rp2_common/pico_stdio_usb/stdio_usb.c.obj
 .text.stdio_usb_init
                0x100059fc       0xe8 CMakeFiles/pomodoro_timer.dir/C_/Users/Paulo/.pico-sdk/sdk/2.1.0/src/rp2_common/pico_stdio_usb/stdio_usb.c.obj
                0x100059fc                stdio_usb_init
 .text.tud_descriptor_device_cb
                0x10005ae4        0x8 CMakeFiles/pomodoro_timer.dir/C_/Users/Paulo/.pico-sdk/sdk/2.1.0/src/rp2_common/pico_stdio_usb/stdio_usb_descriptors.c.obj
                0x10005ae4                tud_descriptor_device_cb
 .text.tud_descriptor_configuration_cb
                0x10005aec        0x8 CMakeFiles/pomodoro_timer.dir/C_/Users/Paulo/.pico-sdk/sdk/2.1.0/src/rp2_common/pico_stdio_usb/stdio_usb_descriptors.c.obj
                0x10005aec                tud_descriptor_configuration_cb
 .text.tud_descriptor_string_cb
                0x10005af4       0x78 CMakeFiles/pomodoro_timer.dir/C_/Users/Paulo/.pico-sdk/sdk/2.1.0/src/rp2_common/pico_stdio_usb/stdio_usb_descriptors.c.obj
                0x10005af4                tud_descriptor_string_cb
 .text.startup._retrieve_unique_id_on_boot
                0x10005b6c       0x10 CMakeFiles/pomodoro_timer.dir/C_/Users/Paulo/.pico-sdk/sdk/2.1.0/src/rp2_common/pico_unique_id/unique_id.c.obj
 .text.pico_get_unique_board_id
                0x10005b7c       0x10 CMakeFiles/pomodoro_timer.dir/C_/Users/Paulo/.pico-sdk/sdk/2.1.0/src/rp2_common/pico_unique_id/unique_id.c.obj
                0x10005b7c                pico_get_unique_board_id
 .text.pico_get_unique_board_id_string
                0x10005b8c      0x1a8 CMakeFiles/pomodoro_timer.dir/C_/Users/Paulo/.pico-sdk/sdk/2.1.0/src/rp2_common/pico_unique_id/unique_id.c.obj
                0x10005b8c                pico_get_unique_board_id_string
 .text.flash_get_unique_id
                0x10005d34       0x3c CMakeFiles/pomodoro_timer.dir/C_/Users/Paulo/.pico-sdk/sdk/2.1.0/src/rp2_common/hardware_flash/flash.c.obj
                0x10005d34                flash_get_unique_id
 .text.dcd_init
                0x10005d70       0x8c CMakeFiles/pomodoro_timer.dir/C_/Users/Paulo/.pico-sdk/sdk/2.1.0/lib/tinyusb/src/portable/raspberrypi/rp2040/dcd_rp2040.c.obj
                0x10005d70                dcd_init
 .text.dcd_int_enable
                0x10005dfc        0xc CMakeFiles/pomodoro_timer.dir/C_/Users/Paulo/.pico-sdk/sdk/2.1.0/lib/tinyusb/src/portable/raspberrypi/rp2040/dcd_rp2040.c.obj
                0x10005dfc                dcd_int_enable
 .text.dcd_set_address
                0x10005e08       0x14 CMakeFiles/pomodoro_timer.dir/C_/Users/Paulo/.pico-sdk/sdk/2.1.0/lib/tinyusb/src/portable/raspberrypi/rp2040/dcd_rp2040.c.obj
                0x10005e08                dcd_set_address
 .text.dcd_sof_enable
                0x10005e1c       0x1c CMakeFiles/pomodoro_timer.dir/C_/Users/Paulo/.pico-sdk/sdk/2.1.0/lib/tinyusb/src/portable/raspberrypi/rp2040/dcd_rp2040.c.obj
                0x10005e1c                dcd_sof_enable
 .text.dcd_edpt0_status_complete
                0x10005e38       0x1c CMakeFiles/pomodoro_timer.dir/C_/Users/Paulo/.pico-sdk/sdk/2.1.0/lib/tinyusb/src/portable/raspberrypi/rp2040/dcd_rp2040.c.obj
                0x10005e38                dcd_edpt0_status_complete
 .text.dcd_edpt_open
                0x10005e54      0x108 CMakeFiles/pomodoro_timer.dir/C_/Users/Paulo/.pico-sdk/sdk/2.1.0/lib/tinyusb/src/portable/raspberrypi/rp2040/dcd_rp2040.c.obj
                0x10005e54                dcd_edpt_open
 .text.dcd_edpt_close_all
                0x10005f5c        0x8 CMakeFiles/pomodoro_timer.dir/C_/Users/Paulo/.pico-sdk/sdk/2.1.0/lib/tinyusb/src/portable/raspberrypi/rp2040/dcd_rp2040.c.obj
                0x10005f5c                dcd_edpt_close_all
 .text.dcd_edpt_xfer
                0x10005f64       0x24 CMakeFiles/pomodoro_timer.dir/C_/Users/Paulo/.pico-sdk/sdk/2.1.0/lib/tinyusb/src/portable/raspberrypi/rp2040/dcd_rp2040.c.obj
                0x10005f64                dcd_edpt_xfer
 .text.dcd_edpt_stall
                0x10005f88       0x34 CMakeFiles/pomodoro_timer.dir/C_/Users/Paulo/.pico-sdk/sdk/2.1.0/lib/tinyusb/src/portable/raspberrypi/rp2040/dcd_rp2040.c.obj
                0x10005f88                dcd_edpt_stall
 .text.dcd_edpt_clear_stall
                0x10005fbc       0x30 CMakeFiles/pomodoro_timer.dir/C_/Users/Paulo/.pico-sdk/sdk/2.1.0/lib/tinyusb/src/portable/raspberrypi/rp2040/dcd_rp2040.c.obj
                0x10005fbc                dcd_edpt_clear_stall
 .text.rp2040_usb_init
                0x10005fec       0x40 CMakeFiles/pomodoro_timer.dir/C_/Users/Paulo/.pico-sdk/sdk/2.1.0/lib/tinyusb/src/portable/raspberrypi/rp2040/rp2040_usb.c.obj
                0x10005fec                rp2040_usb_init
 .text.hw_endpoint_xfer_start
                0x1000602c       0x40 CMakeFiles/pomodoro_timer.dir/C_/Users/Paulo/.pico-sdk/sdk/2.1.0/lib/tinyusb/src/portable/raspberrypi/rp2040/rp2040_usb.c.obj
                0x1000602c                hw_endpoint_xfer_start
 .text.tud_event_hook_cb
                0x1000606c        0x4 CMakeFiles/pomodoro_timer.dir/C_/Users/Paulo/.pico-sdk/sdk/2.1.0/lib/tinyusb/src/device/usbd.c.obj
                0x1000606c                tud_event_hook_cb
 .text.tud_sof_cb
                0x10006070        0x4 CMakeFiles/pomodoro_timer.dir/C_/Users/Paulo/.pico-sdk/sdk/2.1.0/lib/tinyusb/src/device/usbd.c.obj
                0x10006070                tud_sof_cb
 .text.tud_descriptor_device_qualifier_cb
                0x10006074        0x4 CMakeFiles/pomodoro_timer.dir/C_/Users/Paulo/.pico-sdk/sdk/2.1.0/lib/tinyusb/src/device/usbd.c.obj
                0x10006074                tud_descriptor_device_qualifier_cb
 .text.tud_descriptor_other_speed_configuration_cb
                0x10006078        0x4 CMakeFiles/pomodoro_timer.dir/C_/Users/Paulo/.pico-sdk/sdk/2.1.0/lib/tinyusb/src/device/usbd.c.obj
                0x10006078                tud_descriptor_other_speed_configuration_cb
 .text.tud_mount_cb
                0x1000607c        0x4 CMakeFiles/pomodoro_timer.dir/C_/Users/Paulo/.pico-sdk/sdk/2.1.0/lib/tinyusb/src/device/usbd.c.obj
                0x1000607c                tud_mount_cb
 .text.tud_umount_cb
                0x10006080        0x4 CMakeFiles/pomodoro_timer.dir/C_/Users/Paulo/.pico-sdk/sdk/2.1.0/lib/tinyusb/src/device/usbd.c.obj
                0x10006080                tud_umount_cb
 .text.tud_suspend_cb
                0x10006084        0x4 CMakeFiles/pomodoro_timer.dir/C_/Users/Paulo/.pico-sdk/sdk/2.1.0/lib/tinyusb/src/device/usbd.c.obj
                0x10006084                tud_suspend_cb
 .text.tud_resume_cb
                0x10006088        0x4 CMakeFiles/pomodoro_timer.dir/C_/Users/Paulo/.pico-sdk/sdk/2.1.0/lib/tinyusb/src/device/usbd.c.obj
                0x10006088                tud_resume_cb
 .text.tud_mounted
                0x1000608c       0x10 CMakeFiles/pomodoro_timer.dir/C_/Users/Paulo/.pico-sdk/sdk/2.1.0/lib/tinyusb/src/device/usbd.c.obj
                0x1000608c                tud_mounted
 .text.tud_suspended
                0x1000609c       0x10 CMakeFiles/pomodoro_timer.dir/C_/Users/Paulo/.pico-sdk/sdk/2.1.0/lib/tinyusb/src/device/usbd.c.obj
                0x1000609c                tud_suspended
 .text.tud_init
                0x100060ac       0xe4 CMakeFiles/pomodoro_timer.dir/C_/Users/Paulo/.pico-sdk/sdk/2.1.0/lib/tinyusb/src/device/usbd.c.obj
                0x100060ac                tud_init
 .text.tud_task_ext
                0x10006190      0x800 CMakeFiles/pomodoro_timer.dir/C_/Users/Paulo/.pico-sdk/sdk/2.1.0/lib/tinyusb/src/device/usbd.c.obj
                0x10006190                tud_task_ext
 .text.usbd_open_edpt_pair
                0x10006990       0x9c CMakeFiles/pomodoro_timer.dir/C_/Users/Paulo/.pico-sdk/sdk/2.1.0/lib/tinyusb/src/device/usbd.c.obj
                0x10006990                usbd_open_edpt_pair
 .text.usbd_edpt_open
                0x10006a2c       0x34 CMakeFiles/pomodoro_timer.dir/C_/Users/Paulo/.pico-sdk/sdk/2.1.0/lib/tinyusb/src/device/usbd.c.obj
                0x10006a2c                usbd_edpt_open
 .text.usbd_edpt_claim
                0x10006a60       0x28 CMakeFiles/pomodoro_timer.dir/C_/Users/Paulo/.pico-sdk/sdk/2.1.0/lib/tinyusb/src/device/usbd.c.obj
                0x10006a60                usbd_edpt_claim
 .text.usbd_edpt_release
                0x10006a88       0x28 CMakeFiles/pomodoro_timer.dir/C_/Users/Paulo/.pico-sdk/sdk/2.1.0/lib/tinyusb/src/device/usbd.c.obj
                0x10006a88                usbd_edpt_release
 .text.usbd_edpt_xfer
                0x10006ab0       0x4c CMakeFiles/pomodoro_timer.dir/C_/Users/Paulo/.pico-sdk/sdk/2.1.0/lib/tinyusb/src/device/usbd.c.obj
                0x10006ab0                usbd_edpt_xfer
 .text.tud_control_status
                0x10006afc       0x2c CMakeFiles/pomodoro_timer.dir/C_/Users/Paulo/.pico-sdk/sdk/2.1.0/lib/tinyusb/src/device/usbd_control.c.obj
                0x10006afc                tud_control_status
 .text.tud_control_xfer
                0x10006b28       0xac CMakeFiles/pomodoro_timer.dir/C_/Users/Paulo/.pico-sdk/sdk/2.1.0/lib/tinyusb/src/device/usbd_control.c.obj
                0x10006b28                tud_control_xfer
 .text.usbd_control_reset
                0x10006bd4       0x14 CMakeFiles/pomodoro_timer.dir/C_/Users/Paulo/.pico-sdk/sdk/2.1.0/lib/tinyusb/src/device/usbd_control.c.obj
                0x10006bd4                usbd_control_reset
 .text.usbd_control_set_complete_callback
                0x10006be8        0xc CMakeFiles/pomodoro_timer.dir/C_/Users/Paulo/.pico-sdk/sdk/2.1.0/lib/tinyusb/src/device/usbd_control.c.obj
                0x10006be8                usbd_control_set_complete_callback
 .text.usbd_control_set_request
                0x10006bf4       0x1c CMakeFiles/pomodoro_timer.dir/C_/Users/Paulo/.pico-sdk/sdk/2.1.0/lib/tinyusb/src/device/usbd_control.c.obj
                0x10006bf4                usbd_control_set_request
 .text.usbd_control_xfer_cb
                0x10006c10       0xec CMakeFiles/pomodoro_timer.dir/C_/Users/Paulo/.pico-sdk/sdk/2.1.0/lib/tinyusb/src/device/usbd_control.c.obj
                0x10006c10                usbd_control_xfer_cb
 .text._prep_out_transaction.isra.0
                0x10006cfc       0x5c CMakeFiles/pomodoro_timer.dir/C_/Users/Paulo/.pico-sdk/sdk/2.1.0/lib/tinyusb/src/class/cdc/cdc_device.c.obj
 .text.tud_cdc_n_connected
                0x10006d58       0x30 CMakeFiles/pomodoro_timer.dir/C_/Users/Paulo/.pico-sdk/sdk/2.1.0/lib/tinyusb/src/class/cdc/cdc_device.c.obj
                0x10006d58                tud_cdc_n_connected
 .text.tud_cdc_n_available
                0x10006d88       0x18 CMakeFiles/pomodoro_timer.dir/C_/Users/Paulo/.pico-sdk/sdk/2.1.0/lib/tinyusb/src/class/cdc/cdc_device.c.obj
                0x10006d88                tud_cdc_n_available
 .text.tud_cdc_n_read
                0x10006da0       0x98 CMakeFiles/pomodoro_timer.dir/C_/Users/Paulo/.pico-sdk/sdk/2.1.0/lib/tinyusb/src/class/cdc/cdc_device.c.obj
                0x10006da0                tud_cdc_n_read
 .text.tud_cdc_n_write_flush
                0x10006e38       0x78 CMakeFiles/pomodoro_timer.dir/C_/Users/Paulo/.pico-sdk/sdk/2.1.0/lib/tinyusb/src/class/cdc/cdc_device.c.obj
                0x10006e38                tud_cdc_n_write_flush
 .text.tud_cdc_n_write
                0x10006eb0       0x40 CMakeFiles/pomodoro_timer.dir/C_/Users/Paulo/.pico-sdk/sdk/2.1.0/lib/tinyusb/src/class/cdc/cdc_device.c.obj
                0x10006eb0                tud_cdc_n_write
 .text.tud_cdc_n_write_available
                0x10006ef0       0x18 CMakeFiles/pomodoro_timer.dir/C_/Users/Paulo/.pico-sdk/sdk/2.1.0/lib/tinyusb/src/class/cdc/cdc_device.c.obj
                0x10006ef0                tud_cdc_n_write_available
 .text.cdcd_init
                0x10006f08       0x7c CMakeFiles/pomodoro_timer.dir/C_/Users/Paulo/.pico-sdk/sdk/2.1.0/lib/tinyusb/src/class/cdc/cdc_device.c.obj
                0x10006f08                cdcd_init
 .text.cdcd_deinit
                0x10006f84       0x34 CMakeFiles/pomodoro_timer.dir/C_/Users/Paulo/.pico-sdk/sdk/2.1.0/lib/tinyusb/src/class/cdc/cdc_device.c.obj
                0x10006f84                cdcd_deinit
 .text.cdcd_reset
                0x10006fb8       0x4c CMakeFiles/pomodoro_timer.dir/C_/Users/Paulo/.pico-sdk/sdk/2.1.0/lib/tinyusb/src/class/cdc/cdc_device.c.obj
                0x10006fb8                cdcd_reset
 .text.cdcd_open
                0x10007004       0xb0 CMakeFiles/pomodoro_timer.dir/C_/Users/Paulo/.pico-sdk/sdk/2.1.0/lib/tinyusb/src/class/cdc/cdc_device.c.obj
                0x10007004                cdcd_open
 .text.cdcd_control_xfer_cb
                0x100070b4       0xe4 CMakeFiles/pomodoro_timer.dir/C_/Users/Paulo/.pico-sdk/sdk/2.1.0/lib/tinyusb/src/class/cdc/cdc_device.c.obj
                0x100070b4                cdcd_control_xfer_cb
 .text.cdcd_xfer_cb
                0x10007198      0x100 CMakeFiles/pomodoro_timer.dir/C_/Users/Paulo/.pico-sdk/sdk/2.1.0/lib/tinyusb/src/class/cdc/cdc_device.c.obj
                0x10007198                cdcd_xfer_cb
 .text.vendord_init
                0x10007298       0x5c CMakeFiles/pomodoro_timer.dir/C_/Users/Paulo/.pico-sdk/sdk/2.1.0/lib/tinyusb/src/class/vendor/vendor_device.c.obj
                0x10007298                vendord_init
 .text.vendord_deinit
                0x100072f4       0x1c CMakeFiles/pomodoro_timer.dir/C_/Users/Paulo/.pico-sdk/sdk/2.1.0/lib/tinyusb/src/class/vendor/vendor_device.c.obj
                0x100072f4                vendord_deinit
 .text.vendord_reset
                0x10007310       0x20 CMakeFiles/pomodoro_timer.dir/C_/Users/Paulo/.pico-sdk/sdk/2.1.0/lib/tinyusb/src/class/vendor/vendor_device.c.obj
                0x10007310                vendord_reset
 .text.vendord_open
                0x10007330      0x138 CMakeFiles/pomodoro_timer.dir/C_/Users/Paulo/.pico-sdk/sdk/2.1.0/lib/tinyusb/src/class/vendor/vendor_device.c.obj
                0x10007330                vendord_open
 .text.vendord_xfer_cb
                0x10007468       0x9c CMakeFiles/pomodoro_timer.dir/C_/Users/Paulo/.pico-sdk/sdk/2.1.0/lib/tinyusb/src/class/vendor/vendor_device.c.obj
                0x10007468                vendord_xfer_cb
 .text.tusb_init
                0x10007504        0xc CMakeFiles/pomodoro_timer.dir/C_/Users/Paulo/.pico-sdk/sdk/2.1.0/lib/tinyusb/src/tusb.c.obj
                0x10007504                tusb_init
 .text.tu_edpt_claim
                0x10007510       0x50 CMakeFiles/pomodoro_timer.dir/C_/Users/Paulo/.pico-sdk/sdk/2.1.0/lib/tinyusb/src/tusb.c.obj
                0x10007510                tu_edpt_claim
 .text.tu_edpt_release
                0x10007560       0x38 CMakeFiles/pomodoro_timer.dir/C_/Users/Paulo/.pico-sdk/sdk/2.1.0/lib/tinyusb/src/tusb.c.obj
                0x10007560                tu_edpt_release
 .text.tu_edpt_validate
                0x10007598       0x7c CMakeFiles/pomodoro_timer.dir/C_/Users/Paulo/.pico-sdk/sdk/2.1.0/lib/tinyusb/src/tusb.c.obj
                0x10007598                tu_edpt_validate
 .text.tu_edpt_bind_driver
                0x10007614       0x34 CMakeFiles/pomodoro_timer.dir/C_/Users/Paulo/.pico-sdk/sdk/2.1.0/lib/tinyusb/src/tusb.c.obj
                0x10007614                tu_edpt_bind_driver
 .text.tu_edpt_stream_init
                0x10007648       0x6c CMakeFiles/pomodoro_timer.dir/C_/Users/Paulo/.pico-sdk/sdk/2.1.0/lib/tinyusb/src/tusb.c.obj
                0x10007648                tu_edpt_stream_init
 .text.tu_edpt_stream_deinit
                0x100076b4        0x4 CMakeFiles/pomodoro_timer.dir/C_/Users/Paulo/.pico-sdk/sdk/2.1.0/lib/tinyusb/src/tusb.c.obj
                0x100076b4                tu_edpt_stream_deinit
 .text.tu_edpt_stream_write_zlp_if_needed
                0x100076b8       0x68 CMakeFiles/pomodoro_timer.dir/C_/Users/Paulo/.pico-sdk/sdk/2.1.0/lib/tinyusb/src/tusb.c.obj
                0x100076b8                tu_edpt_stream_write_zlp_if_needed
 .text.tu_edpt_stream_write_xfer
                0x10007720       0x64 CMakeFiles/pomodoro_timer.dir/C_/Users/Paulo/.pico-sdk/sdk/2.1.0/lib/tinyusb/src/tusb.c.obj
                0x10007720                tu_edpt_stream_write_xfer
 .text.tu_edpt_stream_read_xfer
                0x10007784       0xdc CMakeFiles/pomodoro_timer.dir/C_/Users/Paulo/.pico-sdk/sdk/2.1.0/lib/tinyusb/src/tusb.c.obj
                0x10007784                tu_edpt_stream_read_xfer
 .text.tu_fifo_config
                0x10007860       0x6c CMakeFiles/pomodoro_timer.dir/C_/Users/Paulo/.pico-sdk/sdk/2.1.0/lib/tinyusb/src/common/tusb_fifo.c.obj
                0x10007860                tu_fifo_config
 .text.tu_fifo_count
                0x100078cc       0x2c CMakeFiles/pomodoro_timer.dir/C_/Users/Paulo/.pico-sdk/sdk/2.1.0/lib/tinyusb/src/common/tusb_fifo.c.obj
                0x100078cc                tu_fifo_count
 .text.tu_fifo_empty
                0x100078f8       0x10 CMakeFiles/pomodoro_timer.dir/C_/Users/Paulo/.pico-sdk/sdk/2.1.0/lib/tinyusb/src/common/tusb_fifo.c.obj
                0x100078f8                tu_fifo_empty
 .text.tu_fifo_remaining
                0x10007908       0x2c CMakeFiles/pomodoro_timer.dir/C_/Users/Paulo/.pico-sdk/sdk/2.1.0/lib/tinyusb/src/common/tusb_fifo.c.obj
                0x10007908                tu_fifo_remaining
 .text.tu_fifo_read
                0x10007934       0x9c CMakeFiles/pomodoro_timer.dir/C_/Users/Paulo/.pico-sdk/sdk/2.1.0/lib/tinyusb/src/common/tusb_fifo.c.obj
                0x10007934                tu_fifo_read
 .text.tu_fifo_read_n
                0x100079d0       0xe8 CMakeFiles/pomodoro_timer.dir/C_/Users/Paulo/.pico-sdk/sdk/2.1.0/lib/tinyusb/src/common/tusb_fifo.c.obj
                0x100079d0                tu_fifo_read_n
 .text.tu_fifo_write
                0x10007ab8       0xa8 CMakeFiles/pomodoro_timer.dir/C_/Users/Paulo/.pico-sdk/sdk/2.1.0/lib/tinyusb/src/common/tusb_fifo.c.obj
                0x10007ab8                tu_fifo_write
 .text.tu_fifo_write_n
                0x10007b60      0x178 CMakeFiles/pomodoro_timer.dir/C_/Users/Paulo/.pico-sdk/sdk/2.1.0/lib/tinyusb/src/common/tusb_fifo.c.obj
                0x10007b60                tu_fifo_write_n
 .text.tu_fifo_clear
                0x10007cd8       0x40 CMakeFiles/pomodoro_timer.dir/C_/Users/Paulo/.pico-sdk/sdk/2.1.0/lib/tinyusb/src/common/tusb_fifo.c.obj
                0x10007cd8                tu_fifo_clear
 .text.tu_fifo_set_overwritable
                0x10007d18       0x48 CMakeFiles/pomodoro_timer.dir/C_/Users/Paulo/.pico-sdk/sdk/2.1.0/lib/tinyusb/src/common/tusb_fifo.c.obj
                0x10007d18                tu_fifo_set_overwritable
 .text.i2c_write_blocking_internal.constprop.0
                0x10007d60       0xd0 CMakeFiles/pomodoro_timer.dir/C_/Users/Paulo/.pico-sdk/sdk/2.1.0/src/rp2_common/hardware_i2c/i2c.c.obj
 .text.i2c_set_baudrate
                0x10007e30       0xc0 CMakeFiles/pomodoro_timer.dir/C_/Users/Paulo/.pico-sdk/sdk/2.1.0/src/rp2_common/hardware_i2c/i2c.c.obj
                0x10007e30                i2c_set_baudrate
 .text.i2c_init
                0x10007ef0       0x50 CMakeFiles/pomodoro_timer.dir/C_/Users/Paulo/.pico-sdk/sdk/2.1.0/src/rp2_common/hardware_i2c/i2c.c.obj
                0x10007ef0                i2c_init
 .text.i2c_write_blocking
                0x10007f40       0x14 CMakeFiles/pomodoro_timer.dir/C_/Users/Paulo/.pico-sdk/sdk/2.1.0/src/rp2_common/hardware_i2c/i2c.c.obj
                0x10007f40                i2c_write_blocking
 .text.adc_init
                0x10007f54       0x38 CMakeFiles/pomodoro_timer.dir/C_/Users/Paulo/.pico-sdk/sdk/2.1.0/src/rp2_common/hardware_adc/adc.c.obj
                0x10007f54                adc_init
 .text.lwip_timeout_reached
                0x10007f8c        0x8 CMakeFiles/pomodoro_timer.dir/C_/Users/Paulo/.pico-sdk/sdk/2.1.0/src/rp2_common/pico_lwip/lwip_nosys.c.obj
 .text.update_next_timeout
                0x10007f94       0x60 CMakeFiles/pomodoro_timer.dir/C_/Users/Paulo/.pico-sdk/sdk/2.1.0/src/rp2_common/pico_lwip/lwip_nosys.c.obj
 .text.lwip_nosys_init
                0x10007ff4       0x30 CMakeFiles/pomodoro_timer.dir/C_/Users/Paulo/.pico-sdk/sdk/2.1.0/src/rp2_common/pico_lwip/lwip_nosys.c.obj
                0x10007ff4                lwip_nosys_init
 .text.lwip_nosys_deinit
                0x10008024       0x20 CMakeFiles/pomodoro_timer.dir/C_/Users/Paulo/.pico-sdk/sdk/2.1.0/src/rp2_common/pico_lwip/lwip_nosys.c.obj
                0x10008024                lwip_nosys_deinit
 .text.sys_arch_protect
                0x10008044        0x4 CMakeFiles/pomodoro_timer.dir/C_/Users/Paulo/.pico-sdk/sdk/2.1.0/src/rp2_common/pico_lwip/lwip_nosys.c.obj
                0x10008044                sys_arch_protect
 .text.sys_arch_unprotect
                0x10008048        0x4 CMakeFiles/pomodoro_timer.dir/C_/Users/Paulo/.pico-sdk/sdk/2.1.0/src/rp2_common/pico_lwip/lwip_nosys.c.obj
                0x10008048                sys_arch_unprotect
 .text.sys_now  0x1000804c       0x20 CMakeFiles/pomodoro_timer.dir/C_/Users/Paulo/.pico-sdk/sdk/2.1.0/src/rp2_common/pico_lwip/lwip_nosys.c.obj
                0x1000804c                sys_now
 .text.async_context_base_add_at_time_worker
                0x1000806c       0x24 CMakeFiles/pomodoro_timer.dir/C_/Users/Paulo/.pico-sdk/sdk/2.1.0/src/rp2_common/pico_async_context/async_context_base.c.obj
                0x1000806c                async_context_base_add_at_time_worker
 .text.async_context_base_remove_at_time_worker
                0x10008090       0x28 CMakeFiles/pomodoro_timer.dir/C_/Users/Paulo/.pico-sdk/sdk/2.1.0/src/rp2_common/pico_async_context/async_context_base.c.obj
                0x10008090                async_context_base_remove_at_time_worker
 .text.async_context_base_add_when_pending_worker
                0x100080b8       0x24 CMakeFiles/pomodoro_timer.dir/C_/Users/Paulo/.pico-sdk/sdk/2.1.0/src/rp2_common/pico_async_context/async_context_base.c.obj
                0x100080b8                async_context_base_add_when_pending_worker
 .text.async_context_base_remove_when_pending_worker
                0x100080dc       0x28 CMakeFiles/pomodoro_timer.dir/C_/Users/Paulo/.pico-sdk/sdk/2.1.0/src/rp2_common/pico_async_context/async_context_base.c.obj
                0x100080dc                async_context_base_remove_when_pending_worker
 .text.async_context_base_execute_once
                0x10008104      0x108 CMakeFiles/pomodoro_timer.dir/C_/Users/Paulo/.pico-sdk/sdk/2.1.0/src/rp2_common/pico_async_context/async_context_base.c.obj
                0x10008104                async_context_base_execute_once
 .text.async_context_base_needs_servicing
                0x1000820c       0x54 CMakeFiles/pomodoro_timer.dir/C_/Users/Paulo/.pico-sdk/sdk/2.1.0/src/rp2_common/pico_async_context/async_context_base.c.obj
                0x1000820c                async_context_base_needs_servicing
 .text.splitmix64
                0x10008260       0x58 CMakeFiles/pomodoro_timer.dir/C_/Users/Paulo/.pico-sdk/sdk/2.1.0/src/rp2_common/pico_rand/rand.c.obj
 .text.xoroshiro128ss
                0x100082b8       0x90 CMakeFiles/pomodoro_timer.dir/C_/Users/Paulo/.pico-sdk/sdk/2.1.0/src/rp2_common/pico_rand/rand.c.obj
 .text.get_rand_64
                0x10008348      0x4a4 CMakeFiles/pomodoro_timer.dir/C_/Users/Paulo/.pico-sdk/sdk/2.1.0/src/rp2_common/pico_rand/rand.c.obj
                0x10008348                get_rand_64
 .text.get_rand_32
                0x100087ec        0x8 CMakeFiles/pomodoro_timer.dir/C_/Users/Paulo/.pico-sdk/sdk/2.1.0/src/rp2_common/pico_rand/rand.c.obj
                0x100087ec                get_rand_32
 .text.lwip_init
                0x100087f4       0x24 CMakeFiles/pomodoro_timer.dir/C_/Users/Paulo/.pico-sdk/sdk/2.1.0/lib/lwip/src/core/init.c.obj
                0x100087f4                lwip_init
 .text.lwip_htons
                0x10008818        0x8 CMakeFiles/pomodoro_timer.dir/C_/Users/Paulo/.pico-sdk/sdk/2.1.0/lib/lwip/src/core/def.c.obj
                0x10008818                lwip_htons
 .text.lwip_htonl
                0x10008820        0x4 CMakeFiles/pomodoro_timer.dir/C_/Users/Paulo/.pico-sdk/sdk/2.1.0/lib/lwip/src/core/def.c.obj
                0x10008820                lwip_htonl
 .text.dns_call_found
                0x10008824      0x184 CMakeFiles/pomodoro_timer.dir/C_/Users/Paulo/.pico-sdk/sdk/2.1.0/lib/lwip/src/core/dns.c.obj
 .text.dns_send.isra.0
                0x100089a8      0x174 CMakeFiles/pomodoro_timer.dir/C_/Users/Paulo/.pico-sdk/sdk/2.1.0/lib/lwip/src/core/dns.c.obj
 .text.dns_init
                0x10008b1c        0x4 CMakeFiles/pomodoro_timer.dir/C_/Users/Paulo/.pico-sdk/sdk/2.1.0/lib/lwip/src/core/dns.c.obj
                0x10008b1c                dns_init
 .text.dns_setserver
                0x10008b20       0x24 CMakeFiles/pomodoro_timer.dir/C_/Users/Paulo/.pico-sdk/sdk/2.1.0/lib/lwip/src/core/dns.c.obj
                0x10008b20                dns_setserver
 .text.dns_tmr  0x10008b44      0x140 CMakeFiles/pomodoro_timer.dir/C_/Users/Paulo/.pico-sdk/sdk/2.1.0/lib/lwip/src/core/dns.c.obj
                0x10008b44                dns_tmr
 .text.lwip_standard_chksum
                0x10008c84       0xdc CMakeFiles/pomodoro_timer.dir/C_/Users/Paulo/.pico-sdk/sdk/2.1.0/lib/lwip/src/core/inet_chksum.c.obj
                0x10008c84                lwip_standard_chksum
 .text.inet_chksum_pseudo
                0x10008d60       0xbc CMakeFiles/pomodoro_timer.dir/C_/Users/Paulo/.pico-sdk/sdk/2.1.0/lib/lwip/src/core/inet_chksum.c.obj
                0x10008d60                inet_chksum_pseudo
 .text.ip_chksum_pseudo
                0x10008e1c       0x10 CMakeFiles/pomodoro_timer.dir/C_/Users/Paulo/.pico-sdk/sdk/2.1.0/lib/lwip/src/core/inet_chksum.c.obj
                0x10008e1c                ip_chksum_pseudo
 .text.inet_chksum
                0x10008e2c        0xc CMakeFiles/pomodoro_timer.dir/C_/Users/Paulo/.pico-sdk/sdk/2.1.0/lib/lwip/src/core/inet_chksum.c.obj
                0x10008e2c                inet_chksum
 .text.inet_chksum_pbuf
                0x10008e38       0x78 CMakeFiles/pomodoro_timer.dir/C_/Users/Paulo/.pico-sdk/sdk/2.1.0/lib/lwip/src/core/inet_chksum.c.obj
                0x10008e38                inet_chksum_pbuf
 .text.mem_init
                0x10008eb0       0x3c CMakeFiles/pomodoro_timer.dir/C_/Users/Paulo/.pico-sdk/sdk/2.1.0/lib/lwip/src/core/mem.c.obj
                0x10008eb0                mem_init
 .text.mem_free
                0x10008eec      0x130 CMakeFiles/pomodoro_timer.dir/C_/Users/Paulo/.pico-sdk/sdk/2.1.0/lib/lwip/src/core/mem.c.obj
                0x10008eec                mem_free
 .text.mem_trim
                0x1000901c      0x104 CMakeFiles/pomodoro_timer.dir/C_/Users/Paulo/.pico-sdk/sdk/2.1.0/lib/lwip/src/core/mem.c.obj
                0x1000901c                mem_trim
 .text.mem_malloc
                0x10009120      0x124 CMakeFiles/pomodoro_timer.dir/C_/Users/Paulo/.pico-sdk/sdk/2.1.0/lib/lwip/src/core/mem.c.obj
                0x10009120                mem_malloc
 .text.memp_init
                0x10009244       0x6c CMakeFiles/pomodoro_timer.dir/C_/Users/Paulo/.pico-sdk/sdk/2.1.0/lib/lwip/src/core/memp.c.obj
                0x10009244                memp_init
 .text.memp_malloc
                0x100092b0       0x40 CMakeFiles/pomodoro_timer.dir/C_/Users/Paulo/.pico-sdk/sdk/2.1.0/lib/lwip/src/core/memp.c.obj
                0x100092b0                memp_malloc
 .text.memp_free
                0x100092f0       0x38 CMakeFiles/pomodoro_timer.dir/C_/Users/Paulo/.pico-sdk/sdk/2.1.0/lib/lwip/src/core/memp.c.obj
                0x100092f0                memp_free
 .text.netif_null_output_ip4
                0x10009328        0x8 CMakeFiles/pomodoro_timer.dir/C_/Users/Paulo/.pico-sdk/sdk/2.1.0/lib/lwip/src/core/netif.c.obj
 .text.netif_do_set_ipaddr.isra.0
                0x10009330       0x60 CMakeFiles/pomodoro_timer.dir/C_/Users/Paulo/.pico-sdk/sdk/2.1.0/lib/lwip/src/core/netif.c.obj
 .text.netif_init
                0x10009390        0x4 CMakeFiles/pomodoro_timer.dir/C_/Users/Paulo/.pico-sdk/sdk/2.1.0/lib/lwip/src/core/netif.c.obj
                0x10009390                netif_init
 .text.netif_add
                0x10009394      0x16c CMakeFiles/pomodoro_timer.dir/C_/Users/Paulo/.pico-sdk/sdk/2.1.0/lib/lwip/src/core/netif.c.obj
                0x10009394                netif_add
 .text.netif_set_addr
                0x10009500       0xb4 CMakeFiles/pomodoro_timer.dir/C_/Users/Paulo/.pico-sdk/sdk/2.1.0/lib/lwip/src/core/netif.c.obj
                0x10009500                netif_set_addr
 .text.netif_remove
                0x100095b4       0x94 CMakeFiles/pomodoro_timer.dir/C_/Users/Paulo/.pico-sdk/sdk/2.1.0/lib/lwip/src/core/netif.c.obj
                0x100095b4                netif_remove
 .text.netif_set_default
                0x10009648        0xc CMakeFiles/pomodoro_timer.dir/C_/Users/Paulo/.pico-sdk/sdk/2.1.0/lib/lwip/src/core/netif.c.obj
                0x10009648                netif_set_default
 .text.netif_set_up
                0x10009654       0x40 CMakeFiles/pomodoro_timer.dir/C_/Users/Paulo/.pico-sdk/sdk/2.1.0/lib/lwip/src/core/netif.c.obj
                0x10009654                netif_set_up
 .text.netif_set_link_up
                0x10009694       0x44 CMakeFiles/pomodoro_timer.dir/C_/Users/Paulo/.pico-sdk/sdk/2.1.0/lib/lwip/src/core/netif.c.obj
                0x10009694                netif_set_link_up
 .text.netif_set_link_down
                0x100096d8       0x20 CMakeFiles/pomodoro_timer.dir/C_/Users/Paulo/.pico-sdk/sdk/2.1.0/lib/lwip/src/core/netif.c.obj
                0x100096d8                netif_set_link_down
 .text.netif_get_by_index
                0x100096f8       0x2c CMakeFiles/pomodoro_timer.dir/C_/Users/Paulo/.pico-sdk/sdk/2.1.0/lib/lwip/src/core/netif.c.obj
                0x100096f8                netif_get_by_index
 .text.pbuf_free.part.0
                0x10009724       0x7c CMakeFiles/pomodoro_timer.dir/C_/Users/Paulo/.pico-sdk/sdk/2.1.0/lib/lwip/src/core/pbuf.c.obj
 .text.pbuf_free_ooseq
                0x100097a0       0x34 CMakeFiles/pomodoro_timer.dir/C_/Users/Paulo/.pico-sdk/sdk/2.1.0/lib/lwip/src/core/pbuf.c.obj
                0x100097a0                pbuf_free_ooseq
 .text.pbuf_alloc
                0x100097d4      0x134 CMakeFiles/pomodoro_timer.dir/C_/Users/Paulo/.pico-sdk/sdk/2.1.0/lib/lwip/src/core/pbuf.c.obj
                0x100097d4                pbuf_alloc
 .text.pbuf_realloc
                0x10009908       0x84 CMakeFiles/pomodoro_timer.dir/C_/Users/Paulo/.pico-sdk/sdk/2.1.0/lib/lwip/src/core/pbuf.c.obj
                0x10009908                pbuf_realloc
 .text.pbuf_add_header
                0x1000998c       0x50 CMakeFiles/pomodoro_timer.dir/C_/Users/Paulo/.pico-sdk/sdk/2.1.0/lib/lwip/src/core/pbuf.c.obj
                0x1000998c                pbuf_add_header
 .text.pbuf_remove_header
                0x100099dc       0x3c CMakeFiles/pomodoro_timer.dir/C_/Users/Paulo/.pico-sdk/sdk/2.1.0/lib/lwip/src/core/pbuf.c.obj
                0x100099dc                pbuf_remove_header
 .text.pbuf_header_force
                0x10009a18       0x68 CMakeFiles/pomodoro_timer.dir/C_/Users/Paulo/.pico-sdk/sdk/2.1.0/lib/lwip/src/core/pbuf.c.obj
                0x10009a18                pbuf_header_force
 .text.pbuf_free
                0x10009a80       0x18 CMakeFiles/pomodoro_timer.dir/C_/Users/Paulo/.pico-sdk/sdk/2.1.0/lib/lwip/src/core/pbuf.c.obj
                0x10009a80                pbuf_free
 .text.pbuf_clen
                0x10009a98       0x14 CMakeFiles/pomodoro_timer.dir/C_/Users/Paulo/.pico-sdk/sdk/2.1.0/lib/lwip/src/core/pbuf.c.obj
                0x10009a98                pbuf_clen
 .text.pbuf_ref
                0x10009aac       0x28 CMakeFiles/pomodoro_timer.dir/C_/Users/Paulo/.pico-sdk/sdk/2.1.0/lib/lwip/src/core/pbuf.c.obj
                0x10009aac                pbuf_ref
 .text.pbuf_cat
                0x10009ad4       0x44 CMakeFiles/pomodoro_timer.dir/C_/Users/Paulo/.pico-sdk/sdk/2.1.0/lib/lwip/src/core/pbuf.c.obj
                0x10009ad4                pbuf_cat
 .text.pbuf_chain
                0x10009b18       0x64 CMakeFiles/pomodoro_timer.dir/C_/Users/Paulo/.pico-sdk/sdk/2.1.0/lib/lwip/src/core/pbuf.c.obj
                0x10009b18                pbuf_chain
 .text.pbuf_copy_partial_pbuf
                0x10009b7c      0x148 CMakeFiles/pomodoro_timer.dir/C_/Users/Paulo/.pico-sdk/sdk/2.1.0/lib/lwip/src/core/pbuf.c.obj
                0x10009b7c                pbuf_copy_partial_pbuf
 .text.pbuf_copy
                0x10009cc4       0x18 CMakeFiles/pomodoro_timer.dir/C_/Users/Paulo/.pico-sdk/sdk/2.1.0/lib/lwip/src/core/pbuf.c.obj
                0x10009cc4                pbuf_copy
 .text.pbuf_copy_partial
                0x10009cdc       0x68 CMakeFiles/pomodoro_timer.dir/C_/Users/Paulo/.pico-sdk/sdk/2.1.0/lib/lwip/src/core/pbuf.c.obj
                0x10009cdc                pbuf_copy_partial
 .text.pbuf_take
                0x10009d44       0x78 CMakeFiles/pomodoro_timer.dir/C_/Users/Paulo/.pico-sdk/sdk/2.1.0/lib/lwip/src/core/pbuf.c.obj
                0x10009d44                pbuf_take
 .text.pbuf_take_at
                0x10009dbc       0xcc CMakeFiles/pomodoro_timer.dir/C_/Users/Paulo/.pico-sdk/sdk/2.1.0/lib/lwip/src/core/pbuf.c.obj
                0x10009dbc                pbuf_take_at
 .text.pbuf_clone
                0x10009e88       0x30 CMakeFiles/pomodoro_timer.dir/C_/Users/Paulo/.pico-sdk/sdk/2.1.0/lib/lwip/src/core/pbuf.c.obj
                0x10009e88                pbuf_clone
 .text.pbuf_put_at
                0x10009eb8       0x1c CMakeFiles/pomodoro_timer.dir/C_/Users/Paulo/.pico-sdk/sdk/2.1.0/lib/lwip/src/core/pbuf.c.obj
                0x10009eb8                pbuf_put_at
 .text.raw_input
                0x10009ed4      0x164 CMakeFiles/pomodoro_timer.dir/C_/Users/Paulo/.pico-sdk/sdk/2.1.0/lib/lwip/src/core/raw.c.obj
                0x10009ed4                raw_input
 .text.raw_netif_ip_addr_changed
                0x1000a038       0x40 CMakeFiles/pomodoro_timer.dir/C_/Users/Paulo/.pico-sdk/sdk/2.1.0/lib/lwip/src/core/raw.c.obj
                0x1000a038                raw_netif_ip_addr_changed
 .text.stats_init
                0x1000a078        0x4 CMakeFiles/pomodoro_timer.dir/C_/Users/Paulo/.pico-sdk/sdk/2.1.0/lib/lwip/src/core/stats.c.obj
                0x1000a078                stats_init
 .text.tcp_close_shutdown_fin
                0x1000a07c       0x54 CMakeFiles/pomodoro_timer.dir/C_/Users/Paulo/.pico-sdk/sdk/2.1.0/lib/lwip/src/core/tcp.c.obj
 .text.tcp_pcb_purge.part.0
                0x1000a0d0       0xc4 CMakeFiles/pomodoro_timer.dir/C_/Users/Paulo/.pico-sdk/sdk/2.1.0/lib/lwip/src/core/tcp.c.obj
 .text.tcp_init
                0x1000a194       0x20 CMakeFiles/pomodoro_timer.dir/C_/Users/Paulo/.pico-sdk/sdk/2.1.0/lib/lwip/src/core/tcp.c.obj
                0x1000a194                tcp_init
 .text.tcp_free
                0x1000a1b4       0x1c CMakeFiles/pomodoro_timer.dir/C_/Users/Paulo/.pico-sdk/sdk/2.1.0/lib/lwip/src/core/tcp.c.obj
                0x1000a1b4                tcp_free
 .text.tcp_bind
                0x1000a1d0       0xf4 CMakeFiles/pomodoro_timer.dir/C_/Users/Paulo/.pico-sdk/sdk/2.1.0/lib/lwip/src/core/tcp.c.obj
                0x1000a1d0                tcp_bind
 .text.tcp_listen_with_backlog
                0x1000a2c4       0x98 CMakeFiles/pomodoro_timer.dir/C_/Users/Paulo/.pico-sdk/sdk/2.1.0/lib/lwip/src/core/tcp.c.obj
                0x1000a2c4                tcp_listen_with_backlog
 .text.tcp_update_rcv_ann_wnd
                0x1000a35c       0x58 CMakeFiles/pomodoro_timer.dir/C_/Users/Paulo/.pico-sdk/sdk/2.1.0/lib/lwip/src/core/tcp.c.obj
                0x1000a35c                tcp_update_rcv_ann_wnd
 .text.tcp_recved
                0x1000a3b4       0x98 CMakeFiles/pomodoro_timer.dir/C_/Users/Paulo/.pico-sdk/sdk/2.1.0/lib/lwip/src/core/tcp.c.obj
                0x1000a3b4                tcp_recved
 .text.tcp_slowtmr
                0x1000a44c      0x524 CMakeFiles/pomodoro_timer.dir/C_/Users/Paulo/.pico-sdk/sdk/2.1.0/lib/lwip/src/core/tcp.c.obj
                0x1000a44c                tcp_slowtmr
 .text.tcp_segs_free
                0x1000a970       0x38 CMakeFiles/pomodoro_timer.dir/C_/Users/Paulo/.pico-sdk/sdk/2.1.0/lib/lwip/src/core/tcp.c.obj
                0x1000a970                tcp_segs_free
 .text.tcp_seg_free
                0x1000a9a8       0x1c CMakeFiles/pomodoro_timer.dir/C_/Users/Paulo/.pico-sdk/sdk/2.1.0/lib/lwip/src/core/tcp.c.obj
                0x1000a9a8                tcp_seg_free
 .text.tcp_seg_copy
                0x1000a9c4       0x2c CMakeFiles/pomodoro_timer.dir/C_/Users/Paulo/.pico-sdk/sdk/2.1.0/lib/lwip/src/core/tcp.c.obj
                0x1000a9c4                tcp_seg_copy
 .text.tcp_recv
                0x1000a9f0       0x1c CMakeFiles/pomodoro_timer.dir/C_/Users/Paulo/.pico-sdk/sdk/2.1.0/lib/lwip/src/core/tcp.c.obj
                0x1000a9f0                tcp_recv
 .text.tcp_accept
                0x1000aa0c       0x10 CMakeFiles/pomodoro_timer.dir/C_/Users/Paulo/.pico-sdk/sdk/2.1.0/lib/lwip/src/core/tcp.c.obj
                0x1000aa0c                tcp_accept
 .text.tcp_pcb_purge
                0x1000aa1c       0x18 CMakeFiles/pomodoro_timer.dir/C_/Users/Paulo/.pico-sdk/sdk/2.1.0/lib/lwip/src/core/tcp.c.obj
                0x1000aa1c                tcp_pcb_purge
 .text.tcp_pcb_remove
                0x1000aa34       0xc8 CMakeFiles/pomodoro_timer.dir/C_/Users/Paulo/.pico-sdk/sdk/2.1.0/lib/lwip/src/core/tcp.c.obj
                0x1000aa34                tcp_pcb_remove
 .text.tcp_abandon
                0x1000aafc      0x1a0 CMakeFiles/pomodoro_timer.dir/C_/Users/Paulo/.pico-sdk/sdk/2.1.0/lib/lwip/src/core/tcp.c.obj
                0x1000aafc                tcp_abandon
 .text.tcp_abort
                0x1000ac9c        0xc CMakeFiles/pomodoro_timer.dir/C_/Users/Paulo/.pico-sdk/sdk/2.1.0/lib/lwip/src/core/tcp.c.obj
                0x1000ac9c                tcp_abort
 .text.tcp_accept_null
                0x1000aca8       0x20 CMakeFiles/pomodoro_timer.dir/C_/Users/Paulo/.pico-sdk/sdk/2.1.0/lib/lwip/src/core/tcp.c.obj
 .text.tcp_alloc
                0x1000acc8      0x1d4 CMakeFiles/pomodoro_timer.dir/C_/Users/Paulo/.pico-sdk/sdk/2.1.0/lib/lwip/src/core/tcp.c.obj
                0x1000acc8                tcp_alloc
 .text.tcp_new  0x1000ae9c        0xc CMakeFiles/pomodoro_timer.dir/C_/Users/Paulo/.pico-sdk/sdk/2.1.0/lib/lwip/src/core/tcp.c.obj
                0x1000ae9c                tcp_new
 .text.tcp_close_shutdown
                0x1000aea8      0x188 CMakeFiles/pomodoro_timer.dir/C_/Users/Paulo/.pico-sdk/sdk/2.1.0/lib/lwip/src/core/tcp.c.obj
 .text.tcp_recv_null
                0x1000b030       0xcc CMakeFiles/pomodoro_timer.dir/C_/Users/Paulo/.pico-sdk/sdk/2.1.0/lib/lwip/src/core/tcp.c.obj
                0x1000b030                tcp_recv_null
 .text.tcp_process_refused_data
                0x1000b0fc       0x78 CMakeFiles/pomodoro_timer.dir/C_/Users/Paulo/.pico-sdk/sdk/2.1.0/lib/lwip/src/core/tcp.c.obj
                0x1000b0fc                tcp_process_refused_data
 .text.tcp_fasttmr
                0x1000b174       0x98 CMakeFiles/pomodoro_timer.dir/C_/Users/Paulo/.pico-sdk/sdk/2.1.0/lib/lwip/src/core/tcp.c.obj
                0x1000b174                tcp_fasttmr
 .text.tcp_tmr  0x1000b20c       0x20 CMakeFiles/pomodoro_timer.dir/C_/Users/Paulo/.pico-sdk/sdk/2.1.0/lib/lwip/src/core/tcp.c.obj
                0x1000b20c                tcp_tmr
 .text.tcp_close
                0x1000b22c      0x170 CMakeFiles/pomodoro_timer.dir/C_/Users/Paulo/.pico-sdk/sdk/2.1.0/lib/lwip/src/core/tcp.c.obj
                0x1000b22c                tcp_close
 .text.tcp_next_iss
                0x1000b39c       0x28 CMakeFiles/pomodoro_timer.dir/C_/Users/Paulo/.pico-sdk/sdk/2.1.0/lib/lwip/src/core/tcp.c.obj
                0x1000b39c                tcp_next_iss
 .text.tcp_eff_send_mss_netif
                0x1000b3c4       0x34 CMakeFiles/pomodoro_timer.dir/C_/Users/Paulo/.pico-sdk/sdk/2.1.0/lib/lwip/src/core/tcp.c.obj
                0x1000b3c4                tcp_eff_send_mss_netif
 .text.tcp_netif_ip_addr_changed
                0x1000b3f8       0x94 CMakeFiles/pomodoro_timer.dir/C_/Users/Paulo/.pico-sdk/sdk/2.1.0/lib/lwip/src/core/tcp.c.obj
                0x1000b3f8                tcp_netif_ip_addr_changed
 .text.tcp_free_ooseq
                0x1000b48c       0x40 CMakeFiles/pomodoro_timer.dir/C_/Users/Paulo/.pico-sdk/sdk/2.1.0/lib/lwip/src/core/tcp.c.obj
                0x1000b48c                tcp_free_ooseq
 .text.tcp_parseopt
                0x1000b4cc      0x1bc CMakeFiles/pomodoro_timer.dir/C_/Users/Paulo/.pico-sdk/sdk/2.1.0/lib/lwip/src/core/tcp_in.c.obj
 .text.tcp_oos_insert_segment
                0x1000b688       0xdc CMakeFiles/pomodoro_timer.dir/C_/Users/Paulo/.pico-sdk/sdk/2.1.0/lib/lwip/src/core/tcp_in.c.obj
 .text.tcp_free_acked_segments.isra.0
                0x1000b764       0xdc CMakeFiles/pomodoro_timer.dir/C_/Users/Paulo/.pico-sdk/sdk/2.1.0/lib/lwip/src/core/tcp_in.c.obj
 .text.tcp_receive
                0x1000b840      0xa00 CMakeFiles/pomodoro_timer.dir/C_/Users/Paulo/.pico-sdk/sdk/2.1.0/lib/lwip/src/core/tcp_in.c.obj
 .text.tcp_input
                0x1000c240      0xe54 CMakeFiles/pomodoro_timer.dir/C_/Users/Paulo/.pico-sdk/sdk/2.1.0/lib/lwip/src/core/tcp_in.c.obj
                0x1000c240                tcp_input
 .text.tcp_trigger_input_pcb_close
                0x1000d094       0x10 CMakeFiles/pomodoro_timer.dir/C_/Users/Paulo/.pico-sdk/sdk/2.1.0/lib/lwip/src/core/tcp_in.c.obj
                0x1000d094                tcp_trigger_input_pcb_close
 .text.tcp_create_segment
                0x1000d0a4       0xf8 CMakeFiles/pomodoro_timer.dir/C_/Users/Paulo/.pico-sdk/sdk/2.1.0/lib/lwip/src/core/tcp_out.c.obj
 .text.tcp_output_control_segment
                0x1000d19c       0xc0 CMakeFiles/pomodoro_timer.dir/C_/Users/Paulo/.pico-sdk/sdk/2.1.0/lib/lwip/src/core/tcp_out.c.obj
 .text.tcp_output_alloc_header.constprop.0
                0x1000d25c       0xc8 CMakeFiles/pomodoro_timer.dir/C_/Users/Paulo/.pico-sdk/sdk/2.1.0/lib/lwip/src/core/tcp_out.c.obj
 .text.tcp_write
                0x1000d324      0x468 CMakeFiles/pomodoro_timer.dir/C_/Users/Paulo/.pico-sdk/sdk/2.1.0/lib/lwip/src/core/tcp_out.c.obj
                0x1000d324                tcp_write
 .text.tcp_split_unsent_seg
                0x1000d78c      0x1b4 CMakeFiles/pomodoro_timer.dir/C_/Users/Paulo/.pico-sdk/sdk/2.1.0/lib/lwip/src/core/tcp_out.c.obj
                0x1000d78c                tcp_split_unsent_seg
 .text.tcp_send_fin
                0x1000d940      0x118 CMakeFiles/pomodoro_timer.dir/C_/Users/Paulo/.pico-sdk/sdk/2.1.0/lib/lwip/src/core/tcp_out.c.obj
                0x1000d940                tcp_send_fin
 .text.tcp_enqueue_flags
                0x1000da58      0x108 CMakeFiles/pomodoro_timer.dir/C_/Users/Paulo/.pico-sdk/sdk/2.1.0/lib/lwip/src/core/tcp_out.c.obj
                0x1000da58                tcp_enqueue_flags
 .text.tcp_rexmit_rto_prepare
                0x1000db60       0x9c CMakeFiles/pomodoro_timer.dir/C_/Users/Paulo/.pico-sdk/sdk/2.1.0/lib/lwip/src/core/tcp_out.c.obj
                0x1000db60                tcp_rexmit_rto_prepare
 .text.tcp_rexmit
                0x1000dbfc       0x9c CMakeFiles/pomodoro_timer.dir/C_/Users/Paulo/.pico-sdk/sdk/2.1.0/lib/lwip/src/core/tcp_out.c.obj
                0x1000dbfc                tcp_rexmit
 .text.tcp_rexmit_fast
                0x1000dc98       0x64 CMakeFiles/pomodoro_timer.dir/C_/Users/Paulo/.pico-sdk/sdk/2.1.0/lib/lwip/src/core/tcp_out.c.obj
                0x1000dc98                tcp_rexmit_fast
 .text.tcp_rst  0x1000dcfc       0xe8 CMakeFiles/pomodoro_timer.dir/C_/Users/Paulo/.pico-sdk/sdk/2.1.0/lib/lwip/src/core/tcp_out.c.obj
                0x1000dcfc                tcp_rst
 .text.tcp_rst_netif
                0x1000dde4      0x130 CMakeFiles/pomodoro_timer.dir/C_/Users/Paulo/.pico-sdk/sdk/2.1.0/lib/lwip/src/core/tcp_out.c.obj
                0x1000dde4                tcp_rst_netif
 .text.tcp_send_empty_ack
                0x1000df14       0x4c CMakeFiles/pomodoro_timer.dir/C_/Users/Paulo/.pico-sdk/sdk/2.1.0/lib/lwip/src/core/tcp_out.c.obj
                0x1000df14                tcp_send_empty_ack
 .text.tcp_output
                0x1000df60      0x454 CMakeFiles/pomodoro_timer.dir/C_/Users/Paulo/.pico-sdk/sdk/2.1.0/lib/lwip/src/core/tcp_out.c.obj
                0x1000df60                tcp_output
 .text.tcp_rexmit_rto_commit
                0x1000e3b4       0x24 CMakeFiles/pomodoro_timer.dir/C_/Users/Paulo/.pico-sdk/sdk/2.1.0/lib/lwip/src/core/tcp_out.c.obj
                0x1000e3b4                tcp_rexmit_rto_commit
 .text.tcp_rexmit_rto
                0x1000e3d8       0xa4 CMakeFiles/pomodoro_timer.dir/C_/Users/Paulo/.pico-sdk/sdk/2.1.0/lib/lwip/src/core/tcp_out.c.obj
                0x1000e3d8                tcp_rexmit_rto
 .text.tcp_keepalive
                0x1000e47c       0xdc CMakeFiles/pomodoro_timer.dir/C_/Users/Paulo/.pico-sdk/sdk/2.1.0/lib/lwip/src/core/tcp_out.c.obj
                0x1000e47c                tcp_keepalive
 .text.tcp_zero_window_probe
                0x1000e558      0x110 CMakeFiles/pomodoro_timer.dir/C_/Users/Paulo/.pico-sdk/sdk/2.1.0/lib/lwip/src/core/tcp_out.c.obj
                0x1000e558                tcp_zero_window_probe
 .text.tcpip_tcp_timer
                0x1000e668       0x78 CMakeFiles/pomodoro_timer.dir/C_/Users/Paulo/.pico-sdk/sdk/2.1.0/lib/lwip/src/core/timeouts.c.obj
 .text.lwip_cyclic_timer
                0x1000e6e0       0x98 CMakeFiles/pomodoro_timer.dir/C_/Users/Paulo/.pico-sdk/sdk/2.1.0/lib/lwip/src/core/timeouts.c.obj
 .text.tcp_timer_needed
                0x1000e778       0x7c CMakeFiles/pomodoro_timer.dir/C_/Users/Paulo/.pico-sdk/sdk/2.1.0/lib/lwip/src/core/timeouts.c.obj
                0x1000e778                tcp_timer_needed
 .text.sys_timeouts_init
                0x1000e7f4       0x8c CMakeFiles/pomodoro_timer.dir/C_/Users/Paulo/.pico-sdk/sdk/2.1.0/lib/lwip/src/core/timeouts.c.obj
                0x1000e7f4                sys_timeouts_init
 .text.sys_check_timeouts
                0x1000e880       0x68 CMakeFiles/pomodoro_timer.dir/C_/Users/Paulo/.pico-sdk/sdk/2.1.0/lib/lwip/src/core/timeouts.c.obj
                0x1000e880                sys_check_timeouts
 .text.sys_timeouts_sleeptime
                0x1000e8e8       0x28 CMakeFiles/pomodoro_timer.dir/C_/Users/Paulo/.pico-sdk/sdk/2.1.0/lib/lwip/src/core/timeouts.c.obj
                0x1000e8e8                sys_timeouts_sleeptime
 .text.udp_init
                0x1000e910       0x20 CMakeFiles/pomodoro_timer.dir/C_/Users/Paulo/.pico-sdk/sdk/2.1.0/lib/lwip/src/core/udp.c.obj
                0x1000e910                udp_init
 .text.udp_input
                0x1000e930      0x320 CMakeFiles/pomodoro_timer.dir/C_/Users/Paulo/.pico-sdk/sdk/2.1.0/lib/lwip/src/core/udp.c.obj
                0x1000e930                udp_input
 .text.udp_bind
                0x1000ec50      0x118 CMakeFiles/pomodoro_timer.dir/C_/Users/Paulo/.pico-sdk/sdk/2.1.0/lib/lwip/src/core/udp.c.obj
                0x1000ec50                udp_bind
 .text.udp_sendto_if_src
                0x1000ed68      0x130 CMakeFiles/pomodoro_timer.dir/C_/Users/Paulo/.pico-sdk/sdk/2.1.0/lib/lwip/src/core/udp.c.obj
                0x1000ed68                udp_sendto_if_src
 .text.udp_sendto_if
                0x1000ee98       0x48 CMakeFiles/pomodoro_timer.dir/C_/Users/Paulo/.pico-sdk/sdk/2.1.0/lib/lwip/src/core/udp.c.obj
                0x1000ee98                udp_sendto_if
 .text.udp_sendto
                0x1000eee0       0x78 CMakeFiles/pomodoro_timer.dir/C_/Users/Paulo/.pico-sdk/sdk/2.1.0/lib/lwip/src/core/udp.c.obj
                0x1000eee0                udp_sendto
 .text.udp_connect
                0x1000ef58       0x60 CMakeFiles/pomodoro_timer.dir/C_/Users/Paulo/.pico-sdk/sdk/2.1.0/lib/lwip/src/core/udp.c.obj
                0x1000ef58                udp_connect
 .text.udp_recv